Component: ARM Compiler 6.14 Tool: armlink [5db06800]

==============================================================================

Section Cross References

    iwdg.o(.text.IWDG_Config) refers to stm32f10x_iwdg.o(.text.IWDG_WriteAccessCmd) for IWDG_WriteAccessCmd
    iwdg.o(.text.IWDG_Config) refers to stm32f10x_iwdg.o(.text.IWDG_SetPrescaler) for IWDG_SetPrescaler
    iwdg.o(.text.IWDG_Config) refers to stm32f10x_iwdg.o(.text.IWDG_SetReload) for IWDG_SetReload
    iwdg.o(.text.IWDG_Config) refers to stm32f10x_iwdg.o(.text.IWDG_ReloadCounter) for IWDG_ReloadCounter
    iwdg.o(.text.IWDG_Config) refers to stm32f10x_iwdg.o(.text.IWDG_Enable) for IWDG_Enable
    iwdg.o(.ARM.exidx.text.IWDG_Config) refers to iwdg.o(.text.IWDG_Config) for [Anonymous Symbol]
    main.o(.text.main) refers to sys.o(.text.Sys_Init) for Sys_Init
    main.o(.text.main) refers to iwdg.o(.text.IWDG_Config) for IWDG_Config
    main.o(.text.main) refers to stm32f10x_iwdg.o(.text.IWDG_ReloadCounter) for IWDG_ReloadCounter
    main.o(.text.main) refers to sys.o(.text.Sys_Run) for Sys_Run
    main.o(.ARM.exidx.text.main) refers to main.o(.text.main) for [Anonymous Symbol]
    sys.o(.text.Sys_Init) refers to uart.o(.data.UART1) for UART1
    sys.o(.text.Sys_Init) refers to jump_to_app.o(.text.JumpButton_Init) for JumpButton_Init
    sys.o(.text.Sys_Init) refers to fsm.o(.bss.FSM_base_address) for FSM_base_address
    sys.o(.text.Sys_Init) refers to flash.o(.text.Flash_Read) for Flash_Read
    sys.o(.text.Sys_Init) refers to spi.o(.text.SPI1_Setup) for SPI1_Setup
    sys.o(.text.Sys_Init) refers to sdcard.o(.text.SD_Init) for SD_Init
    sys.o(.text.Sys_Init) refers to sys.o(.rodata.str1.1) for .L.str.2
    sys.o(.text.Sys_Init) refers to ff.o(.text.f_unlink) for f_unlink
    sys.o(.text.Sys_Init) refers to delta.o(.text.Delta_Run) for Delta_Run
    sys.o(.ARM.exidx.text.Sys_Init) refers to sys.o(.text.Sys_Init) for [Anonymous Symbol]
    sys.o(.ARM.exidx.text.Sys_Run) refers to sys.o(.text.Sys_Run) for [Anonymous Symbol]
    flash.o(.text.Flash_Write) refers to stm32f10x_flash.o(.text.FLASH_Unlock) for FLASH_Unlock
    flash.o(.text.Flash_Write) refers to stm32f10x_flash.o(.text.FLASH_ErasePage) for FLASH_ErasePage
    flash.o(.text.Flash_Write) refers to stm32f10x_flash.o(.text.FLASH_ProgramWord) for FLASH_ProgramWord
    flash.o(.text.Flash_Write) refers to stm32f10x_flash.o(.text.FLASH_Lock) for FLASH_Lock
    flash.o(.ARM.exidx.text.Flash_Write) refers to flash.o(.text.Flash_Write) for [Anonymous Symbol]
    flash.o(.ARM.exidx.text.Flash_Read) refers to flash.o(.text.Flash_Read) for [Anonymous Symbol]
    flash.o(.text.Flash_WriteByte) refers to stm32f10x_flash.o(.text.FLASH_Unlock) for FLASH_Unlock
    flash.o(.text.Flash_WriteByte) refers to stm32f10x_flash.o(.text.FLASH_ErasePage) for FLASH_ErasePage
    flash.o(.text.Flash_WriteByte) refers to stm32f10x_flash.o(.text.FLASH_ProgramHalfWord) for FLASH_ProgramHalfWord
    flash.o(.text.Flash_WriteByte) refers to stm32f10x_flash.o(.text.FLASH_Lock) for FLASH_Lock
    flash.o(.ARM.exidx.text.Flash_WriteByte) refers to flash.o(.text.Flash_WriteByte) for [Anonymous Symbol]
    flash.o(.ARM.exidx.text.Flash_ReadByte) refers to flash.o(.text.Flash_ReadByte) for [Anonymous Symbol]
    fsm.o(.ARM.exidx.text.CheckSum) refers to fsm.o(.text.CheckSum) for [Anonymous Symbol]
    fsm.o(.ARM.exidx.text.Convert_StrToByte) refers to fsm.o(.text.Convert_StrToByte) for [Anonymous Symbol]
    fsm.o(.text.FSM_ResetFrame) refers to fsm.o(.bss.fsm_index) for fsm_index
    fsm.o(.text.FSM_ResetFrame) refers to fsm.o(.bss.packet_state) for packet_state
    fsm.o(.ARM.exidx.text.FSM_ResetFrame) refers to fsm.o(.text.FSM_ResetFrame) for [Anonymous Symbol]
    fsm.o(.text.FSM_GetMessage) refers to fsm.o(.text.Convert_StrToByte) for Convert_StrToByte
    fsm.o(.text.FSM_GetMessage) refers to fsm.o(.bss.packet_state) for packet_state
    fsm.o(.text.FSM_GetMessage) refers to fsm.o(.bss.fsm_index) for fsm_index
    fsm.o(.text.FSM_GetMessage) refers to fsm.o(.data.fsm_frame_ptr) for fsm_frame_ptr
    fsm.o(.text.FSM_GetMessage) refers to fsm.o(.bss.fsm_num_of_message_in_a_chunk) for fsm_num_of_message_in_a_chunk
    fsm.o(.text.FSM_GetMessage) refers to fsm.o(.bss.fsm_frame) for fsm_frame
    fsm.o(.text.FSM_GetMessage) refers to fsm.o(.bss.fsm_data) for fsm_data
    fsm.o(.text.FSM_GetMessage) refers to fsm.o(.text.CheckSum) for CheckSum
    fsm.o(.text.FSM_GetMessage) refers to fsm.o(.text.FSM_ResetFrame) for FSM_ResetFrame
    fsm.o(.ARM.exidx.text.FSM_GetMessage) refers to fsm.o(.text.FSM_GetMessage) for [Anonymous Symbol]
    fsm.o(.text.FSM_Response) refers to uart.o(.data.UART1) for UART1
    fsm.o(.ARM.exidx.text.FSM_Response) refers to fsm.o(.text.FSM_Response) for [Anonymous Symbol]
    fsm.o(.text.FSM_PrintMessage) refers to uart.o(.data.UART1) for UART1
    fsm.o(.text.FSM_PrintMessage) refers to fsm.o(.bss.fsm_frame) for fsm_frame
[...]
    .ARM.Collect$$libshutdown$$0000000F      0x080001ac   Section        0  libshutdown2.o(.ARM.Collect$$libshutdown$$0000000F)
    .ARM.Collect$$libshutdown$$00000010      0x080001ac   Section        2  libshutdown2.o(.ARM.Collect$$libshutdown$$00000010)
    .ARM.Collect$$rtentry$$00000000          0x080001ae   Section        0  __rtentry.o(.ARM.Collect$$rtentry$$00000000)
    .ARM.Collect$$rtentry$$00000002          0x080001ae   Section        0  __rtentry2.o(.ARM.Collect$$rtentry$$00000002)
    .ARM.Collect$$rtentry$$00000004          0x080001ae   Section        6  __rtentry4.o(.ARM.Collect$$rtentry$$00000004)
    .ARM.Collect$$rtentry$$00000009          0x080001b4   Section        0  __rtentry2.o(.ARM.Collect$$rtentry$$00000009)
    .ARM.Collect$$rtentry$$0000000A          0x080001b4   Section        4  __rtentry2.o(.ARM.Collect$$rtentry$$0000000A)
    .ARM.Collect$$rtentry$$0000000C          0x080001b8   Section        0  __rtentry2.o(.ARM.Collect$$rtentry$$0000000C)
    .ARM.Collect$$rtentry$$0000000D          0x080001b8   Section        8  __rtentry2.o(.ARM.Collect$$rtentry$$0000000D)
    .ARM.Collect$$rtexit$$00000000           0x080001c0   Section        2  rtexit.o(.ARM.Collect$$rtexit$$00000000)
    .ARM.Collect$$rtexit$$00000002           0x080001c2   Section        0  rtexit2.o(.ARM.Collect$$rtexit$$00000002)
    .ARM.Collect$$rtexit$$00000003           0x080001c2   Section        4  rtexit2.o(.ARM.Collect$$rtexit$$00000003)
    .ARM.Collect$$rtexit$$00000004           0x080001c6   Section        6  rtexit2.o(.ARM.Collect$$rtexit$$00000004)
    .text                                    0x080001cc   Section       64  startup_stm32f10x_md.o(.text)
    .text                                    0x0800020c   Section        0  noretval__2sprintf.o(.text)
    .text                                    0x08000234   Section        0  _printf_pad.o(.text)
    .text                                    0x08000284   Section        0  _printf_dec.o(.text)
    .text                                    0x080002fc   Section        0  _printf_hex_int.o(.text)
    .text                                    0x08000354   Section        0  __printf_flags_wp.o(.text)
    .text                                    0x0800048c   Section       16  aeabi_memset.o(.text)
    .text                                    0x0800049c   Section        0  heapauxi.o(.text)
    .text                                    0x080004a2   Section        0  _printf_intcommon.o(.text)
    _fp_digits                               0x08000555   Thumb Code   432  _printf_fp_dec.o(.text)
    .text                                    0x08000554   Section        0  _printf_fp_dec.o(.text)
    _printf_input_char                       0x08000971   Thumb Code    10  _printf_char_common.o(.text)
    .text                                    0x08000970   Section        0  _printf_char_common.o(.text)
    .text                                    0x080009a0   Section        0  _sputc.o(.text)
    .text                                    0x080009aa   Section       68  rt_memclr.o(.text)
    .text                                    0x080009f0   Section        8  rt_locale_intlibspace.o(.text)
    .text                                    0x080009f8   Section      138  lludiv10.o(.text)
    .text                                    0x08000a84   Section        0  _printf_fp_infnan.o(.text)
    .text                                    0x08000b04   Section        0  bigflt0.o(.text)
    .text                                    0x08000be8   Section       78  rt_memclr_w.o(.text)
    .text                                    0x08000c38   Section        8  libspace.o(.text)
    .text                                    0x08000c40   Section       74  sys_stackheap_outer.o(.text)
    .text                                    0x08000c8a   Section        0  exit.o(.text)
    .text                                    0x08000c9c   Section      128  strcmpv7m.o(.text)
    .text                                    0x08000d1c   Section        0  sys_exit.o(.text)
    .text                                    0x08000d28   Section        2  use_no_semi.o(.text)
    .text                                    0x08000d2a   Section        0  indicate_semi.o(.text)
    [Anonymous Symbol]                       0x08000d2c   Section        0  delta.o(.text.Delta_Run)
    [Anonymous Symbol]                       0x08000dd8   Section        0  flash.o(.text.Flash_Read)
    [Anonymous Symbol]                       0x08000df8   Section        0  stm32f10x_gpio.o(.text.GPIO_Init)
    [Anonymous Symbol]                       0x08000ea8   Section        0  stm32f10x_gpio.o(.text.GPIO_PinRemapConfig)
    [Anonymous Symbol]                       0x08000f1c   Section        0  iwdg.o(.text.IWDG_Config)
    [Anonymous Symbol]                       0x08000f40   Section        0  stm32f10x_iwdg.o(.text.IWDG_Enable)
    [Anonymous Symbol]                       0x08000f50   Section        0  stm32f10x_iwdg.o(.text.IWDG_ReloadCounter)
    [Anonymous Symbol]                       0x08000f60   Section        0  stm32f10x_iwdg.o(.text.IWDG_SetPrescaler)
    [Anonymous Symbol]                       0x08000f6c   Section        0  stm32f10x_iwdg.o(.text.IWDG_SetReload)
    [Anonymous Symbol]                       0x08000f78   Section        0  stm32f10x_iwdg.o(.text.IWDG_WriteAccessCmd)
    [Anonymous Symbol]                       0x08000f84   Section        0  jump_to_app.o(.text.JumpButton_Init)
    [Anonymous Symbol]                       0x08000fb0   Section        0  stm32f10x_rcc.o(.text.RCC_APB1PeriphClockCmd)
    [Anonymous Symbol]                       0x08000fc8   Section        0  stm32f10x_rcc.o(.text.RCC_APB2PeriphClockCmd)
    [Anonymous Symbol]                       0x08000fe0   Section        0  stm32f10x_rcc.o(.text.RCC_GetClocksFreq)
    SD_CS_High                               0x08001081   Thumb Code    14  sdcard.o(.text.SD_CS_High)
    [Anonymous Symbol]                       0x08001080   Section        0  sdcard.o(.text.SD_CS_High)
    SD_CS_Low                                0x08001091   Thumb Code    14  sdcard.o(.text.SD_CS_Low)
    [Anonymous Symbol]                       0x08001090   Section        0  sdcard.o(.text.SD_CS_Low)
    [Anonymous Symbol]                       0x080010a0   Section        0  sdcard.o(.text.SD_GetSectorCount)
    [Anonymous Symbol]                       0x08001140   Section        0  sdcard.o(.text.SD_Init)
    SD_PowerOn                               0x08001251   Thumb Code   102  sdcard.o(.text.SD_PowerOn)
    [Anonymous Symbol]                       0x08001250   Section        0  sdcard.o(.text.SD_PowerOn)
    [Anonymous Symbol]                       0x080012b8   Section        0  sdcard.o(.text.SD_ReadFile)
    [Anonymous Symbol]                       0x08001324   Section        0  sdcard.o(.text.SD_ReadSector)
    SD_RecvData                              0x08001395   Thumb Code    78  sdcard.o(.text.SD_RecvData)
    [Anonymous Symbol]                       0x08001394   Section        0  sdcard.o(.text.SD_RecvData)
    SD_SendBlock                             0x080013e5   Thumb Code    84  sdcard.o(.text.SD_SendBlock)
    [Anonymous Symbol]                       0x080013e4   Section        0  sdcard.o(.text.SD_SendBlock)
    SD_SendCmd                               0x08001439   Thumb Code   104  sdcard.o(.text.SD_SendCmd)
    [Anonymous Symbol]                       0x08001438   Section        0  sdcard.o(.text.SD_SendCmd)
    SD_WaitReady                             0x080014a1   Thumb Code    30  sdcard.o(.text.SD_WaitReady)
    [Anonymous Symbol]                       0x080014a0   Section        0  sdcard.o(.text.SD_WaitReady)
    [Anonymous Symbol]                       0x080014c0   Section        0  sdcard.o(.text.SD_WriteFile)
    [Anonymous Symbol]                       0x0800152c   Section        0  sdcard.o(.text.SD_WriteSector)
    [Anonymous Symbol]                       0x080015b4   Section        0  sdcard.o(.text.SD_getFileSize)
    [Anonymous Symbol]                       0x080015f0   Section        0  spi.o(.text.SPI1_Setup)
    [Anonymous Symbol]                       0x08001678   Section        0  spi.o(.text.SPI1_Transfer)
    [Anonymous Symbol]                       0x080016b0   Section        0  stm32f10x_spi.o(.text.SPI_Cmd)
    [Anonymous Symbol]                       0x080016c4   Section        0  stm32f10x_spi.o(.text.SPI_I2S_GetFlagStatus)
    [Anonymous Symbol]                       0x080016d0   Section        0  stm32f10x_spi.o(.text.SPI_I2S_ReceiveData)
    [Anonymous Symbol]                       0x080016d4   Section        0  stm32f10x_spi.o(.text.SPI_I2S_SendData)
    [Anonymous Symbol]                       0x080016d8   Section        0  stm32f10x_spi.o(.text.SPI_Init)
    SetSysClock                              0x08001721   Thumb Code     8  system_stm32f10x.o(.text.SetSysClock)
    [Anonymous Symbol]                       0x08001720   Section        0  system_stm32f10x.o(.text.SetSysClock)
    SetSysClockTo72                          0x08001729   Thumb Code   190  system_stm32f10x.o(.text.SetSysClockTo72)
    [Anonymous Symbol]                       0x08001728   Section        0  system_stm32f10x.o(.text.SetSysClockTo72)
    [Anonymous Symbol]                       0x080017e8   Section        0  sys.o(.text.Sys_Init)
    [Anonymous Symbol]                       0x080018d0   Section        0  sys.o(.text.Sys_Run)
    [Anonymous Symbol]                       0x080018d4   Section        0  system_stm32f10x.o(.text.SystemInit)
    [Anonymous Symbol]                       0x0800192c   Section        0  uart.o(.text.UART1_Init)
    [Anonymous Symbol]                       0x08001940   Section        0  uart.o(.text.UART1_Print)
    [Anonymous Symbol]                       0x08001968   Section        0  uart.o(.text.UART1_Scan)
    [Anonymous Symbol]                       0x08001974   Section        0  uart.o(.text.UARTx_Init)
    [Anonymous Symbol]                       0x08001ae8   Section        0  uart.o(.text.UARTx_ReceiveData)
    [Anonymous Symbol]                       0x08001b6c   Section        0  uart.o(.text.UARTx_SendData)
    [Anonymous Symbol]                       0x08001ca8   Section        0  uart.o(.text.USART1_IRQHandler)
    [Anonymous Symbol]                       0x08001cf0   Section        0  uart.o(.text.USART2_IRQHandler)
    [Anonymous Symbol]                       0x08001d3c   Section        0  uart.o(.text.USART3_IRQHandler)
    [Anonymous Symbol]                       0x08001d88   Section        0  stm32f10x_usart.o(.text.USART_Cmd)
    [Anonymous Symbol]                       0x08001d9c   Section        0  stm32f10x_usart.o(.text.USART_GetFlagStatus)
    [Anonymous Symbol]                       0x08001da8   Section        0  stm32f10x_usart.o(.text.USART_ITConfig)
    [Anonymous Symbol]                       0x08001dd8   Section        0  stm32f10x_usart.o(.text.USART_Init)
    [Anonymous Symbol]                       0x08001e8c   Section        0  stm32f10x_usart.o(.text.USART_SendData)
    __NVIC_EnableIRQ                         0x08001e95   Thumb Code    32  uart.o(.text.__NVIC_EnableIRQ)
    [Anonymous Symbol]                       0x08001e94   Section        0  uart.o(.text.__NVIC_EnableIRQ)
    __NVIC_SetPriority                       0x08001eb5   Thumb Code    34  uart.o(.text.__NVIC_SetPriority)
    [Anonymous Symbol]                       0x08001eb4   Section        0  uart.o(.text.__NVIC_SetPriority)
    check_fs                                 0x08001ed9   Thumb Code   106  ff.o(.text.check_fs)
    [Anonymous Symbol]                       0x08001ed8   Section        0  ff.o(.text.check_fs)
    chk_chr                                  0x08001f45   Thumb Code    18  ff.o(.text.chk_chr)
    [Anonymous Symbol]                       0x08001f44   Section        0  ff.o(.text.chk_chr)
    chk_mounted                              0x08001f59   Thumb Code   542  ff.o(.text.chk_mounted)
    [Anonymous Symbol]                       0x08001f58   Section        0  ff.o(.text.chk_mounted)
    [Anonymous Symbol]                       0x08002178   Section        0  ff.o(.text.clust2sect)
    cmp_lfn                                  0x08002191   Thumb Code   120  ff.o(.text.cmp_lfn)
    [Anonymous Symbol]                       0x08002190   Section        0  ff.o(.text.cmp_lfn)
    create_chain                             0x08002209   Thumb Code   172  ff.o(.text.create_chain)
    [Anonymous Symbol]                       0x08002208   Section        0  ff.o(.text.create_chain)
    create_name                              0x080022b5   Thumb Code   548  ff.o(.text.create_name)
    [Anonymous Symbol]                       0x080022b4   Section        0  ff.o(.text.create_name)
    dir_find                                 0x080024d9   Thumb Code   196  ff.o(.text.dir_find)
    [Anonymous Symbol]                       0x080024d8   Section        0  ff.o(.text.dir_find)
    dir_next                                 0x0800259d   Thumb Code   310  ff.o(.text.dir_next)
    [Anonymous Symbol]                       0x0800259c   Section        0  ff.o(.text.dir_next)
    dir_read                                 0x080026d5   Thumb Code   168  ff.o(.text.dir_read)
    [Anonymous Symbol]                       0x080026d4   Section        0  ff.o(.text.dir_read)
    dir_register                             0x0800277d   Thumb Code   410  ff.o(.text.dir_register)
    [Anonymous Symbol]                       0x0800277c   Section        0  ff.o(.text.dir_register)
    dir_remove                               0x08002919   Thumb Code    82  ff.o(.text.dir_remove)
    [Anonymous Symbol]                       0x08002918   Section        0  ff.o(.text.dir_remove)
    dir_sdi                                  0x0800296d   Thumb Code   156  ff.o(.text.dir_sdi)
    [Anonymous Symbol]                       0x0800296c   Section        0  ff.o(.text.dir_sdi)
    [Anonymous Symbol]                       0x08002a08   Section        0  diskio.o(.text.disk_initialize)
    [Anonymous Symbol]                       0x08002a20   Section        0  diskio.o(.text.disk_ioctl)
    [Anonymous Symbol]                       0x08002a68   Section        0  diskio.o(.text.disk_read)
    [Anonymous Symbol]                       0x08002a98   Section        0  diskio.o(.text.disk_status)
    [Anonymous Symbol]                       0x08002ab4   Section        0  diskio.o(.text.disk_write)
    [Anonymous Symbol]                       0x08002ae4   Section        0  ff.o(.text.f_close)
    [Anonymous Symbol]                       0x08002af8   Section        0  ff.o(.text.f_lseek)
    [Anonymous Symbol]                       0x08002c80   Section        0  ff.o(.text.f_mount)
    [Anonymous Symbol]                       0x08002cac   Section        0  ff.o(.text.f_open)
    [Anonymous Symbol]                       0x08002df8   Section        0  ff.o(.text.f_read)
    [Anonymous Symbol]                       0x08002f80   Section        0  ff.o(.text.f_sync)
    [Anonymous Symbol]                       0x08003018   Section        0  ff.o(.text.f_unlink)
    [Anonymous Symbol]                       0x080030d0   Section        0  ff.o(.text.f_write)
    [Anonymous Symbol]                       0x08003280   Section        0  ccsbcs.o(.text.ff_convert)
    [Anonymous Symbol]                       0x080032cc   Section        0  ccsbcs.o(.text.ff_wtoupper)
    find_length                              0x080032f9   Thumb Code   184  delta.o(.text.find_length)
    [Anonymous Symbol]                       0x080032f8   Section        0  delta.o(.text.find_length)
    fit_lfn                                  0x080033b1   Thumb Code   110  ff.o(.text.fit_lfn)
    [Anonymous Symbol]                       0x080033b0   Section        0  ff.o(.text.fit_lfn)
    follow_path                              0x08003421   Thumb Code   144  ff.o(.text.follow_path)
    [Anonymous Symbol]                       0x08003420   Section        0  ff.o(.text.follow_path)
    [Anonymous Symbol]                       0x080034b0   Section        0  ff.o(.text.gen_numname)
    [Anonymous Symbol]                       0x08003534   Section        0  ff.o(.text.get_fat)
    [Anonymous Symbol]                       0x08003600   Section        0  diskio.o(.text.get_fattime)
    [Anonymous Symbol]                       0x08003604   Section        0  delta.o(.text.janpatch)
    jp_final_flush                           0x080038c1   Thumb Code    92  delta.o(.text.jp_final_flush)
    [Anonymous Symbol]                       0x080038c0   Section        0  delta.o(.text.jp_final_flush)
    jp_fread                                 0x0800391d   Thumb Code    46  delta.o(.text.jp_fread)
    [Anonymous Symbol]                       0x0800391c   Section        0  delta.o(.text.jp_fread)
    jp_fseek                                 0x0800394d   Thumb Code   104  delta.o(.text.jp_fseek)
    [Anonymous Symbol]                       0x0800394c   Section        0  delta.o(.text.jp_fseek)
    jp_fwrite                                0x080039b5   Thumb Code    46  delta.o(.text.jp_fwrite)
    [Anonymous Symbol]                       0x080039b4   Section        0  delta.o(.text.jp_fwrite)
    jp_getc                                  0x080039e5   Thumb Code   102  delta.o(.text.jp_getc)
    [Anonymous Symbol]                       0x080039e4   Section        0  delta.o(.text.jp_getc)
    jp_putc                                  0x08003a4d   Thumb Code   138  delta.o(.text.jp_putc)
    [Anonymous Symbol]                       0x08003a4c   Section        0  delta.o(.text.jp_putc)
    [Anonymous Symbol]                       0x08003ad8   Section        0  main.o(.text.main)
    mem_cmp                                  0x08003aed   Thumb Code    36  ff.o(.text.mem_cmp)
    [Anonymous Symbol]                       0x08003aec   Section        0  ff.o(.text.mem_cmp)
    mem_cpy                                  0x08003b11   Thumb Code    26  ff.o(.text.mem_cpy)
    [Anonymous Symbol]                       0x08003b10   Section        0  ff.o(.text.mem_cpy)
    mem_set                                  0x08003b2d   Thumb Code    24  ff.o(.text.mem_set)
    [Anonymous Symbol]                       0x08003b2c   Section        0  ff.o(.text.mem_set)
    move_window                              0x08003b45   Thumb Code   130  ff.o(.text.move_window)
    [Anonymous Symbol]                       0x08003b44   Section        0  ff.o(.text.move_window)
    pick_lfn                                 0x08003bc9   Thumb Code    96  ff.o(.text.pick_lfn)
    [Anonymous Symbol]                       0x08003bc8   Section        0  ff.o(.text.pick_lfn)
    process_mod                              0x08003c29   Thumb Code   202  delta.o(.text.process_mod)
    [Anonymous Symbol]                       0x08003c28   Section        0  delta.o(.text.process_mod)
    [Anonymous Symbol]                       0x08003cf4   Section        0  ff.o(.text.put_fat)
    remove_chain                             0x08003de9   Thumb Code   108  ff.o(.text.remove_chain)
    [Anonymous Symbol]                       0x08003de8   Section        0  ff.o(.text.remove_chain)
    [Anonymous Symbol]                       0x08003e54   Section        0  delta.o(.text.sfio_fread)
    [Anonymous Symbol]                       0x08003e80   Section        0  delta.o(.text.sfio_fseek)
    [Anonymous Symbol]                       0x08003e90   Section        0  delta.o(.text.sfio_fwrite)
    [Anonymous Symbol]                       0x08003ebc   Section        0  delta.o(.text.sfio_tell)
    sum_sfn                                  0x08003ec9   Thumb Code    36  ff.o(.text.sum_sfn)
    [Anonymous Symbol]                       0x08003ec8   Section        0  ff.o(.text.sum_sfn)
    sync                                     0x08003eed   Thumb Code   124  ff.o(.text.sync)
    [Anonymous Symbol]                       0x08003eec   Section        0  ff.o(.text.sync)
    validate                                 0x08003f69   Thumb Code    36  ff.o(.text.validate)
    [Anonymous Symbol]                       0x08003f68   Section        0  ff.o(.text.validate)
    CL$$btod_d2e                             0x08003f8c   Section       62  btod.o(CL$$btod_d2e)
    CL$$btod_d2e_denorm_low                  0x08003fca   Section       70  btod.o(CL$$btod_d2e_denorm_low)
    CL$$btod_d2e_norm_op1                    0x08004010   Section       96  btod.o(CL$$btod_d2e_norm_op1)
    CL$$btod_div_common                      0x08004070   Section      824  btod.o(CL$$btod_div_common)
    CL$$btod_e2e                             0x080043a8   Section      220  btod.o(CL$$btod_e2e)
    CL$$btod_ediv                            0x08004484   Section       42  btod.o(CL$$btod_ediv)
    CL$$btod_emul                            0x080044ae   Section       42  btod.o(CL$$btod_emul)
    CL$$btod_mult_common                     0x080044d8   Section      580  btod.o(CL$$btod_mult_common)
    i.__ARM_fpclassify                       0x0800471c   Section        0  fpclassify.o(i.__ARM_fpclassify)
    i._is_digit                              0x08004744   Section        0  __printf_wp.o(i._is_digit)
    locale$$code                             0x08004754   Section       44  lc_numeric_c.o(locale$$code)
    x$fpl$d2f                                0x08004780   Section       98  d2f.o(x$fpl$d2f)
    x$fpl$dnaninf                            0x080047e2   Section      156  dnaninf.o(x$fpl$dnaninf)
    x$fpl$dretinf                            0x0800487e   Section       12  dretinf.o(x$fpl$dretinf)
    x$fpl$f2d                                0x0800488c   Section       86  f2d.o(x$fpl$f2d)
    x$fpl$fnaninf                            0x080048e2   Section      140  fnaninf.o(x$fpl$fnaninf)
    x$fpl$fretinf                            0x0800496e   Section       10  fretinf.o(x$fpl$fretinf)
    x$fpl$printf1                            0x08004978   Section        4  printf1.o(x$fpl$printf1)
    uc_hextab                                0x0800497c   Data          20  _printf_hex_int.o(.constdata)
    .constdata                               0x0800497c   Section       40  _printf_hex_int.o(.constdata)
    x$fpl$usenofp                            0x0800497c   Section        0  usenofp.o(x$fpl$usenofp)
    lc_hextab                                0x08004990   Data          20  _printf_hex_int.o(.constdata)
    maptable                                 0x080049a4   Data          17  __printf_flags_wp.o(.constdata)
    .constdata                               0x080049a4   Section       17  __printf_flags_wp.o(.constdata)
    tenpwrs_x                                0x080049b8   Data          60  bigflt0.o(.constdata)
    .constdata                               0x080049b8   Section      148  bigflt0.o(.constdata)
    tenpwrs_i                                0x080049f4   Data          64  bigflt0.o(.constdata)
    ADCPrescTable                            0x08004a4c   Data           4  stm32f10x_rcc.o(.rodata.ADCPrescTable)
    [Anonymous Symbol]                       0x08004a4c   Section        0  stm32f10x_rcc.o(.rodata.ADCPrescTable)
    APBAHBPrescTable                         0x08004a50   Data          16  stm32f10x_rcc.o(.rodata.APBAHBPrescTable)
    [Anonymous Symbol]                       0x08004a50   Section        0  stm32f10x_rcc.o(.rodata.APBAHBPrescTable)
    LfnOfs                                   0x08004a60   Data          13  ff.o(.rodata.LfnOfs)
    [Anonymous Symbol]                       0x08004a60   Section        0  ff.o(.rodata.LfnOfs)
    Tbl                                      0x08004a6e   Data         256  ccsbcs.o(.rodata.Tbl)
    [Anonymous Symbol]                       0x08004a6e   Section        0  ccsbcs.o(.rodata.Tbl)
    create_name.excvt                        0x08004b6e   Data         128  ff.o(.rodata.create_name.excvt)
    [Anonymous Symbol]                       0x08004b6e   Section        0  ff.o(.rodata.create_name.excvt)
    .L.str.2                                 0x08004bee   Data           8  sys.o(.rodata.str1.1)
    [Anonymous Symbol]                       0x08004bee   Section        0  sys.o(.rodata.str1.1)
    .L.str.1                                 0x08004bf6   Data          45  delta.o(.rodata.str1.1)
    [Anonymous Symbol]                       0x08004bf6   Section        0  delta.o(.rodata.str1.1)
    .L.str.7                                 0x08004c23   Data          32  delta.o(.rodata.str1.1)
    .L.str.6                                 0x08004c43   Data          27  delta.o(.rodata.str1.1)
    ff_wtoupper.tbl_upper                    0x08004c5e   Data         480  ccsbcs.o(.rodata.str2.2)
    [Anonymous Symbol]                       0x08004c5e   Section        0  ccsbcs.o(.rodata.str2.2)
    ff_wtoupper.tbl_lower                    0x08004e3e   Data         480  ccsbcs.o(.rodata.str2.2)
    locale$$data                             0x08005040   Section       28  lc_numeric_c.o(locale$$data)
    __lcnum_c_name                           0x08005044   Data           2  lc_numeric_c.o(locale$$data)
    __lcnum_c_start                          0x0800504c   Data           0  lc_numeric_c.o(locale$$data)
    __lcnum_c_point                          0x08005058   Data           0  lc_numeric_c.o(locale$$data)
    __lcnum_c_thousands                      0x0800505a   Data           0  lc_numeric_c.o(locale$$data)
    __lcnum_c_grouping                       0x0800505b   Data           0  lc_numeric_c.o(locale$$data)
    __lcnum_c_end                            0x0800505c   Data           0  lc_numeric_c.o(locale$$data)
    .bss                                     0x200001f8   Section       96  libspace.o(.bss)
    FatFs                                    0x2000025c   Data           4  ff.o(.bss.FatFs)
    [Anonymous Symbol]                       0x2000025c   Section        0  ff.o(.bss.FatFs)
    Fsid                                     0x20000260   Data           2  ff.o(.bss.Fsid)
    [Anonymous Symbol]                       0x20000260   Section        0  ff.o(.bss.Fsid)
    LfnBuf                                   0x20000262   Data         512  ff.o(.bss.LfnBuf)
    [Anonymous Symbol]                       0x20000262   Section        0  ff.o(.bss.LfnBuf)
    patch_buf                                0x2000049a   Data         512  delta.o(.bss.patch_buf)
    [Anonymous Symbol]                       0x2000049a   Section        0  delta.o(.bss.patch_buf)
    source_buf                               0x200006a4   Data         512  delta.o(.bss.source_buf)
    [Anonymous Symbol]                       0x200006a4   Section        0  delta.o(.bss.source_buf)
    target_buf                               0x200008a4   Data         512  delta.o(.bss.target_buf)
    [Anonymous Symbol]                       0x200008a4   Section        0  delta.o(.bss.target_buf)
    Heap_Mem                                 0x20000aa8   Data         512  startup_stm32f10x_md.o(HEAP)
    HEAP                                     0x20000aa8   Section      512  startup_stm32f10x_md.o(HEAP)
    Stack_Mem                                0x20000ca8   Data        1024  startup_stm32f10x_md.o(STACK)
    STACK                                    0x20000ca8   Section     1024  startup_stm32f10x_md.o(STACK)
    __initial_sp                             0x200010a8   Data           0  startup_stm32f10x_md.o(STACK)

    Global Symbols

    Symbol Name                              Value     Ov Type        Size  Object(Section)

    BuildAttributes$$THM_ISAv4$P$D$K$B$S$PE$A:L22UL41UL21$X:L11$S22US41US21$IEEE1$IW$~IW$USESV6$~STKCKD$USESV7$~SHL$OTIME$ROPI$IEEEJ$EBA8$UX$STANDARDLIB$REQ8$PRES8$EABIv2 0x00000000   Number         0  anon$$obj.o ABSOLUTE
    __fp_init_empty                          0x00000000   Number         0  fpinit_empty.o ABSOLUTE
    _printf_flags                            0x00000000   Number         0  printf_stubs.o ABSOLUTE
    _printf_return_value                     0x00000000   Number         0  printf_stubs.o ABSOLUTE
    _printf_sizespec                         0x00000000   Number         0  printf_stubs.o ABSOLUTE
    _printf_widthprec                        0x00000000   Number         0  printf_stubs.o ABSOLUTE
    __ARM_exceptions_init                     - Undefined Weak Reference
    __alloca_initialize                       - Undefined Weak Reference
    __arm_preinit_                            - Undefined Weak Reference
    __cpp_initialize__aeabi_                  - Undefined Weak Reference
    __cxa_finalize                            - Undefined Weak Reference
    __sigvec_lookup                           - Undefined Weak Reference
    _atexit_init                              - Undefined Weak Reference
    _call_atexit_fns                          - Undefined Weak Reference
    _clock_init                               - Undefined Weak Reference
    _fp_trap_init                             - Undefined Weak Reference
    _fp_trap_shutdown                         - Undefined Weak Reference
    _get_lc_collate                           - Undefined Weak Reference
    _get_lc_ctype                             - Undefined Weak Reference
    _get_lc_monetary                          - Undefined Weak Reference
    _get_lc_time                              - Undefined Weak Reference
    _getenv_init                              - Undefined Weak Reference
    _handle_redirection                       - Undefined Weak Reference
    _init_alloc                               - Undefined Weak Reference
    _init_user_alloc                          - Undefined Weak Reference
    _initio                                   - Undefined Weak Reference
    _printf_truncate_signed                   - Undefined Weak Reference
    _printf_truncate_unsigned                 - Undefined Weak Reference
    _rand_init                                - Undefined Weak Reference
    _signal_finish                            - Undefined Weak Reference
    _signal_init                              - Undefined Weak Reference
    _terminate_alloc                          - Undefined Weak Reference
    _terminate_user_alloc                     - Undefined Weak Reference
    _terminateio                              - Undefined Weak Reference
    __Vectors_Size                           0x000000ec   Number         0  startup_stm32f10x_md.o ABSOLUTE
    __Vectors                                0x08000000   Data           4  startup_stm32f10x_md.o(RESET)
    __Vectors_End                            0x080000ec   Data           0  startup_stm32f10x_md.o(RESET)
    __main                                   0x080000ed   Thumb Code     8  __main.o(!!!main)
    __scatterload                            0x080000f5   Thumb Code     0  __scatter.o(!!!scatter)
    __scatterload_rt2                        0x080000f5   Thumb Code    44  __scatter.o(!!!scatter)
    __scatterload_rt2_thumb_only             0x080000f5   Thumb Code     0  __scatter.o(!!!scatter)
    __scatterload_null                       0x08000103   Thumb Code     0  __scatter.o(!!!scatter)
    __decompress                             0x08000129   Thumb Code    58  __dczerorl.o(!!dczerorl)
    __decompress0                            0x08000129   Thumb Code     0  __dczerorl.o(!!dczerorl)
    __scatterload_zeroinit                   0x08000165   Thumb Code    28  __scatter_zi.o(!!handler_zi)
    _printf_f                                0x08000181   Thumb Code     0  _printf_f.o(.ARM.Collect$$_printf_percent$$00000003)
    _printf_percent                          0x08000181   Thumb Code     0  _printf_percent.o(.ARM.Collect$$_printf_percent$$00000000)
    _printf_d                                0x08000187   Thumb Code     0  _printf_d.o(.ARM.Collect$$_printf_percent$$00000009)
    _printf_x                                0x0800018d   Thumb Code     0  _printf_x.o(.ARM.Collect$$_printf_percent$$0000000C)
    _printf_percent_end                      0x08000193   Thumb Code     0  _printf_percent_end.o(.ARM.Collect$$_printf_percent$$00000017)
    __rt_lib_init                            0x08000197   Thumb Code     0  libinit.o(.ARM.Collect$$libinit$$00000000)
    __rt_lib_init_fp_1                       0x08000199   Thumb Code     0  libinit2.o(.ARM.Collect$$libinit$$00000002)
    __rt_lib_init_heap_1                     0x08000199   Thumb Code     0  libinit2.o(.ARM.Collect$$libinit$$0000000A)
    __rt_lib_init_lc_common                  0x08000199   Thumb Code     0  libinit2.o(.ARM.Collect$$libinit$$0000000F)
    __rt_lib_init_preinit_1                  0x08000199   Thumb Code     0  libinit2.o(.ARM.Collect$$libinit$$00000004)
    __rt_lib_init_rand_1                     0x08000199   Thumb Code     0  libinit2.o(.ARM.Collect$$libinit$$0000000E)
    __rt_lib_init_user_alloc_1               0x08000199   Thumb Code     0  libinit2.o(.ARM.Collect$$libinit$$0000000C)
    __rt_lib_init_lc_collate_1               0x0800019f   Thumb Code     0  libinit2.o(.ARM.Collect$$libinit$$00000011)
    __rt_lib_init_lc_ctype_1                 0x0800019f   Thumb Code     0  libinit2.o(.ARM.Collect$$libinit$$00000013)
    __rt_lib_init_lc_monetary_1              0x0800019f   Thumb Code     0  libinit2.o(.ARM.Collect$$libinit$$00000015)
    __rt_lib_init_lc_numeric_2               0x0800019f   Thumb Code     0  libinit2.o(.ARM.Collect$$libinit$$00000016)
    __rt_lib_init_alloca_1                   0x080001a9   Thumb Code     0  libinit2.o(.ARM.Collect$$libinit$$0000002E)
    __rt_lib_init_argv_1                     0x080001a9   Thumb Code     0  libinit2.o(.ARM.Collect$$libinit$$0000002C)
    __rt_lib_init_atexit_1                   0x080001a9   Thumb Code     0  libinit2.o(.ARM.Collect$$libinit$$0000001B)
    __rt_lib_init_clock_1                    0x080001a9   Thumb Code     0  libinit2.o(.ARM.Collect$$libinit$$00000021)
    __rt_lib_init_cpp_1                      0x080001a9   Thumb Code     0  libinit2.o(.ARM.Collect$$libinit$$00000032)
    __rt_lib_init_exceptions_1               0x080001a9   Thumb Code     0  libinit2.o(.ARM.Collect$$libinit$$00000030)
    __rt_lib_init_fp_trap_1                  0x080001a9   Thumb Code     0  libinit2.o(.ARM.Collect$$libinit$$0000001F)
    __rt_lib_init_getenv_1                   0x080001a9   Thumb Code     0  libinit2.o(.ARM.Collect$$libinit$$00000023)
    __rt_lib_init_lc_numeric_1               0x080001a9   Thumb Code     0  libinit2.o(.ARM.Collect$$libinit$$00000017)
    __rt_lib_init_lc_time_1                  0x080001a9   Thumb Code     0  libinit2.o(.ARM.Collect$$libinit$$00000019)
    __rt_lib_init_return                     0x080001a9   Thumb Code     0  libinit2.o(.ARM.Collect$$libinit$$00000033)
    __rt_lib_init_signal_1                   0x080001a9   Thumb Code     0  libinit2.o(.ARM.Collect$$libinit$$0000001D)
    __rt_lib_init_stdio_1                    0x080001a9   Thumb Code     0  libinit2.o(.ARM.Collect$$libinit$$00000025)
    __rt_lib_shutdown                        0x080001ab   Thumb Code     0  libshutdown.o(.ARM.Collect$$libshutdown$$00000000)
    __rt_lib_shutdown_cpp_1                  0x080001ad   Thumb Code     0  libshutdown2.o(.ARM.Collect$$libshutdown$$00000002)
    __rt_lib_shutdown_fp_trap_1              0x080001ad   Thumb Code     0  libshutdown2.o(.ARM.Collect$$libshutdown$$00000007)
    __rt_lib_shutdown_heap_1                 0x080001ad   Thumb Code     0  libshutdown2.o(.ARM.Collect$$libshutdown$$0000000F)
    __rt_lib_shutdown_return                 0x080001ad   Thumb Code     0  libshutdown2.o(.ARM.Collect$$libshutdown$$00000010)
    __rt_lib_shutdown_signal_1               0x080001ad   Thumb Code     0  libshutdown2.o(.ARM.Collect$$libshutdown$$0000000A)
    __rt_lib_shutdown_stdio_1                0x080001ad   Thumb Code     0  libshutdown2.o(.ARM.Collect$$libshutdown$$00000004)
    __rt_lib_shutdown_user_alloc_1           0x080001ad   Thumb Code     0  libshutdown2.o(.ARM.Collect$$libshutdown$$0000000C)
    __rt_entry                               0x080001af   Thumb Code     0  __rtentry.o(.ARM.Collect$$rtentry$$00000000)
    __rt_entry_presh_1                       0x080001af   Thumb Code     0  __rtentry2.o(.ARM.Collect$$rtentry$$00000002)
    __rt_entry_sh                            0x080001af   Thumb Code     0  __rtentry4.o(.ARM.Collect$$rtentry$$00000004)
    __rt_entry_li                            0x080001b5   Thumb Code     0  __rtentry2.o(.ARM.Collect$$rtentry$$0000000A)
    __rt_entry_postsh_1                      0x080001b5   Thumb Code     0  __rtentry2.o(.ARM.Collect$$rtentry$$00000009)
    __rt_entry_main                          0x080001b9   Thumb Code     0  __rtentry2.o(.ARM.Collect$$rtentry$$0000000D)
    __rt_entry_postli_1                      0x080001b9   Thumb Code     0  __rtentry2.o(.ARM.Collect$$rtentry$$0000000C)
    __rt_exit                                0x080001c1   Thumb Code     0  rtexit.o(.ARM.Collect$$rtexit$$00000000)
    __rt_exit_ls                             0x080001c3   Thumb Code     0  rtexit2.o(.ARM.Collect$$rtexit$$00000003)
    __rt_exit_prels_1                        0x080001c3   Thumb Code     0  rtexit2.o(.ARM.Collect$$rtexit$$00000002)
    __rt_exit_exit                           0x080001c7   Thumb Code     0  rtexit2.o(.ARM.Collect$$rtexit$$00000004)
    Reset_Handler                            0x080001cd   Thumb Code     8  startup_stm32f10x_md.o(.text)
    NMI_Handler                              0x080001d5   Thumb Code     2  startup_stm32f10x_md.o(.text)
    HardFault_Handler                        0x080001d7   Thumb Code     2  startup_stm32f10x_md.o(.text)
    MemManage_Handler                        0x080001d9   Thumb Code     2  startup_stm32f10x_md.o(.text)
    BusFault_Handler                         0x080001db   Thumb Code     2  startup_stm32f10x_md.o(.text)
    UsageFault_Handler                       0x080001dd   Thumb Code     2  startup_stm32f10x_md.o(.text)
    SVC_Handler                              0x080001df   Thumb Code     2  startup_stm32f10x_md.o(.text)
    DebugMon_Handler                         0x080001e1   Thumb Code     2  startup_stm32f10x_md.o(.text)
    PendSV_Handler                           0x080001e3   Thumb Code     2  startup_stm32f10x_md.o(.text)
    SysTick_Handler                          0x080001e5   Thumb Code     2  startup_stm32f10x_md.o(.text)
    ADC1_2_IRQHandler                        0x080001e7   Thumb Code     0  startup_stm32f10x_md.o(.text)
    CAN1_RX1_IRQHandler                      0x080001e7   Thumb Code     0  startup_stm32f10x_md.o(.text)
    CAN1_SCE_IRQHandler                      0x080001e7   Thumb Code     0  startup_stm32f10x_md.o(.text)
    DMA1_Channel1_IRQHandler                 0x080001e7   Thumb Code     0  startup_stm32f10x_md.o(.text)
    DMA1_Channel2_IRQHandler                 0x080001e7   Thumb Code     0  startup_stm32f10x_md.o(.text)
    DMA1_Channel3_IRQHandler                 0x080001e7   Thumb Code     0  startup_stm32f10x_md.o(.text)
    DMA1_Channel4_IRQHandler                 0x080001e7   Thumb Code     0  startup_stm32f10x_md.o(.text)
    DMA1_Channel5_IRQHandler                 0x080001e7   Thumb Code     0  startup_stm32f10x_md.o(.text)
    DMA1_Channel6_IRQHandler                 0x080001e7   Thumb Code     0  startup_stm32f10x_md.o(.text)
    DMA1_Channel7_IRQHandler                 0x080001e7   Thumb Code     0  startup_stm32f10x_md.o(.text)
    EXTI0_IRQHandler                         0x080001e7   Thumb Code     0  startup_stm32f10x_md.o(.text)
    EXTI15_10_IRQHandler                     0x080001e7   Thumb Code     0  startup_stm32f10x_md.o(.text)
    EXTI1_IRQHandler                         0x080001e7   Thumb Code     0  startup_stm32f10x_md.o(.text)
    EXTI2_IRQHandler                         0x080001e7   Thumb Code     0  startup_stm32f10x_md.o(.text)
    EXTI3_IRQHandler                         0x080001e7   Thumb Code     0  startup_stm32f10x_md.o(.text)
    EXTI4_IRQHandler                         0x080001e7   Thumb Code     0  startup_stm32f10x_md.o(.text)
    EXTI9_5_IRQHandler                       0x080001e7   Thumb Code     0  startup_stm32f10x_md.o(.text)
    FLASH_IRQHandler                         0x080001e7   Thumb Code     0  startup_stm32f10x_md.o(.text)
    I2C1_ER_IRQHandler                       0x080001e7   Thumb Code     0  startup_stm32f10x_md.o(.text)
    I2C1_EV_IRQHandler                       0x080001e7   Thumb Code     0  startup_stm32f10x_md.o(.text)
    I2C2_ER_IRQHandler                       0x080001e7   Thumb Code     0  startup_stm32f10x_md.o(.text)
    I2C2_EV_IRQHandler                       0x080001e7   Thumb Code     0  startup_stm32f10x_md.o(.text)
    PVD_IRQHandler                           0x080001e7   Thumb Code     0  startup_stm32f10x_md.o(.text)
    RCC_IRQHandler                           0x080001e7   Thumb Code     0  startup_stm32f10x_md.o(.text)
    RTCAlarm_IRQHandler                      0x080001e7   Thumb Code     0  startup_stm32f10x_md.o(.text)
    RTC_IRQHandler                           0x080001e7   Thumb Code     0  startup_stm32f10x_md.o(.text)
    SPI1_IRQHandler                          0x080001e7   Thumb Code     0  startup_stm32f10x_md.o(.text)
    SPI2_IRQHandler                          0x080001e7   Thumb Code     0  startup_stm32f10x_md.o(.text)
    TAMPER_IRQHandler                        0x080001e7   Thumb Code     0  startup_stm32f10x_md.o(.text)
    TIM1_BRK_IRQHandler                      0x080001e7   Thumb Code     0  startup_stm32f10x_md.o(.text)
    TIM1_CC_IRQHandler                       0x080001e7   Thumb Code     0  startup_stm32f10x_md.o(.text)
    TIM1_TRG_COM_IRQHandler                  0x080001e7   Thumb Code     0  startup_stm32f10x_md.o(.text)
    TIM1_UP_IRQHandler                       0x080001e7   Thumb Code     0  startup_stm32f10x_md.o(.text)
    TIM2_IRQHandler                          0x080001e7   Thumb Code     0  startup_stm32f10x_md.o(.text)
    TIM3_IRQHandler                          0x080001e7   Thumb Code     0  startup_stm32f10x_md.o(.text)
    TIM4_IRQHandler                          0x080001e7   Thumb Code     0  startup_stm32f10x_md.o(.text)
    USBWakeUp_IRQHandler                     0x080001e7   Thumb Code     0  startup_stm32f10x_md.o(.text)
    USB_HP_CAN1_TX_IRQHandler                0x080001e7   Thumb Code     0  startup_stm32f10x_md.o(.text)
    USB_LP_CAN1_RX0_IRQHandler               0x080001e7   Thumb Code     0  startup_stm32f10x_md.o(.text)
    WWDG_IRQHandler                          0x080001e7   Thumb Code     0  startup_stm32f10x_md.o(.text)
    __user_initial_stackheap                 0x080001e9   Thumb Code     0  startup_stm32f10x_md.o(.text)
    __2sprintf                               0x0800020d   Thumb Code    34  noretval__2sprintf.o(.text)
    _printf_pre_padding                      0x08000235   Thumb Code    44  _printf_pad.o(.text)
    _printf_post_padding                     0x08000261   Thumb Code    34  _printf_pad.o(.text)
    _printf_int_dec                          0x08000285   Thumb Code   104  _printf_dec.o(.text)
    _printf_int_hex                          0x080002fd   Thumb Code    84  _printf_hex_int.o(.text)
    _printf_longlong_hex                     0x080002fd   Thumb Code     0  _printf_hex_int.o(.text)
    __printf                                 0x08000355   Thumb Code   308  __printf_flags_wp.o(.text)
    __aeabi_memset                           0x0800048d   Thumb Code    16  aeabi_memset.o(.text)
    __use_two_region_memory                  0x0800049d   Thumb Code     2  heapauxi.o(.text)
    __rt_heap_escrow$2region                 0x0800049f   Thumb Code     2  heapauxi.o(.text)
    __rt_heap_expand$2region                 0x080004a1   Thumb Code     2  heapauxi.o(.text)
    _printf_int_common                       0x080004a3   Thumb Code   178  _printf_intcommon.o(.text)
    _printf_fp_dec_real                      0x08000705   Thumb Code   620  _printf_fp_dec.o(.text)
    _printf_char_common                      0x0800097b   Thumb Code    32  _printf_char_common.o(.text)
    _sputc                                   0x080009a1   Thumb Code    10  _sputc.o(.text)
    __aeabi_memclr                           0x080009ab   Thumb Code     0  rt_memclr.o(.text)
    __rt_memclr                              0x080009ab   Thumb Code    68  rt_memclr.o(.text)
    _memset                                  0x080009af   Thumb Code     0  rt_memclr.o(.text)
    __rt_locale                              0x080009f1   Thumb Code     8  rt_locale_intlibspace.o(.text)
    _ll_udiv10                               0x080009f9   Thumb Code   138  lludiv10.o(.text)
    _printf_fp_infnan                        0x08000a85   Thumb Code   112  _printf_fp_infnan.o(.text)
    _btod_etento                             0x08000b05   Thumb Code   224  bigflt0.o(.text)
    __aeabi_memclr4                          0x08000be9   Thumb Code     0  rt_memclr_w.o(.text)
    __aeabi_memclr8                          0x08000be9   Thumb Code     0  rt_memclr_w.o(.text)
    __rt_memclr_w                            0x08000be9   Thumb Code    78  rt_memclr_w.o(.text)
    _memset_w                                0x08000bed   Thumb Code     0  rt_memclr_w.o(.text)
    __user_libspace                          0x08000c39   Thumb Code     8  libspace.o(.text)
    __user_perproc_libspace                  0x08000c39   Thumb Code     0  libspace.o(.text)
    __user_perthread_libspace                0x08000c39   Thumb Code     0  libspace.o(.text)
    __user_setup_stackheap                   0x08000c41   Thumb Code    74  sys_stackheap_outer.o(.text)
    exit                                     0x08000c8b   Thumb Code    18  exit.o(.text)
    strcmp                                   0x08000c9d   Thumb Code   128  strcmpv7m.o(.text)
    _sys_exit                                0x08000d1d   Thumb Code     8  sys_exit.o(.text)
    __I$use$semihosting                      0x08000d29   Thumb Code     0  use_no_semi.o(.text)
    __use_no_semihosting_swi                 0x08000d29   Thumb Code     2  use_no_semi.o(.text)
    __semihosting_library_function           0x08000d2b   Thumb Code     0  indicate_semi.o(.text)
    Delta_Run                                0x08000d2d   Thumb Code   170  delta.o(.text.Delta_Run)
    Flash_Read                               0x08000dd9   Thumb Code    30  flash.o(.text.Flash_Read)
    GPIO_Init                                0x08000df9   Thumb Code   176  stm32f10x_gpio.o(.text.GPIO_Init)
    GPIO_PinRemapConfig                      0x08000ea9   Thumb Code   116  stm32f10x_gpio.o(.text.GPIO_PinRemapConfig)
    IWDG_Config                              0x08000f1d   Thumb Code    34  iwdg.o(.text.IWDG_Config)
    IWDG_Enable                              0x08000f41   Thumb Code    16  stm32f10x_iwdg.o(.text.IWDG_Enable)
    IWDG_ReloadCounter                       0x08000f51   Thumb Code    16  stm32f10x_iwdg.o(.text.IWDG_ReloadCounter)
    IWDG_SetPrescaler                        0x08000f61   Thumb Code    12  stm32f10x_iwdg.o(.text.IWDG_SetPrescaler)
    IWDG_SetReload                           0x08000f6d   Thumb Code    12  stm32f10x_iwdg.o(.text.IWDG_SetReload)
    IWDG_WriteAccessCmd                      0x08000f79   Thumb Code    12  stm32f10x_iwdg.o(.text.IWDG_WriteAccessCmd)
    JumpButton_Init                          0x08000f85   Thumb Code    44  jump_to_app.o(.text.JumpButton_Init)
    RCC_APB1PeriphClockCmd                   0x08000fb1   Thumb Code    24  stm32f10x_rcc.o(.text.RCC_APB1PeriphClockCmd)
    RCC_APB2PeriphClockCmd                   0x08000fc9   Thumb Code    24  stm32f10x_rcc.o(.text.RCC_APB2PeriphClockCmd)
    RCC_GetClocksFreq                        0x08000fe1   Thumb Code   160  stm32f10x_rcc.o(.text.RCC_GetClocksFreq)
    SD_GetSectorCount                        0x080010a1   Thumb Code   160  sdcard.o(.text.SD_GetSectorCount)
    SD_Init                                  0x08001141   Thumb Code   272  sdcard.o(.text.SD_Init)
    SD_ReadFile                              0x080012b9   Thumb Code   106  sdcard.o(.text.SD_ReadFile)
    SD_ReadSector                            0x08001325   Thumb Code   112  sdcard.o(.text.SD_ReadSector)
    SD_WriteFile                             0x080014c1   Thumb Code   106  sdcard.o(.text.SD_WriteFile)
    SD_WriteSector                           0x0800152d   Thumb Code   134  sdcard.o(.text.SD_WriteSector)
    SD_getFileSize                           0x080015b5   Thumb Code    60  sdcard.o(.text.SD_getFileSize)
    SPI1_Setup                               0x080015f1   Thumb Code   134  spi.o(.text.SPI1_Setup)
    SPI1_Transfer                            0x08001679   Thumb Code    54  spi.o(.text.SPI1_Transfer)
    SPI_Cmd                                  0x080016b1   Thumb Code    18  stm32f10x_spi.o(.text.SPI_Cmd)
    SPI_I2S_GetFlagStatus                    0x080016c5   Thumb Code    10  stm32f10x_spi.o(.text.SPI_I2S_GetFlagStatus)
    SPI_I2S_ReceiveData                      0x080016d1   Thumb Code     4  stm32f10x_spi.o(.text.SPI_I2S_ReceiveData)
    SPI_I2S_SendData                         0x080016d5   Thumb Code     4  stm32f10x_spi.o(.text.SPI_I2S_SendData)
    SPI_Init                                 0x080016d9   Thumb Code    70  stm32f10x_spi.o(.text.SPI_Init)
    Sys_Init                                 0x080017e9   Thumb Code   232  sys.o(.text.Sys_Init)
    Sys_Run                                  0x080018d1   Thumb Code     2  sys.o(.text.Sys_Run)
    SystemInit                               0x080018d5   Thumb Code    86  system_stm32f10x.o(.text.SystemInit)
    UART1_Init                               0x0800192d   Thumb Code    20  uart.o(.text.UART1_Init)
    UART1_Print                              0x08001941   Thumb Code    40  uart.o(.text.UART1_Print)
    UART1_Scan                               0x08001969   Thumb Code    12  uart.o(.text.UART1_Scan)
    UARTx_Init                               0x08001975   Thumb Code   370  uart.o(.text.UARTx_Init)
    UARTx_ReceiveData                        0x08001ae9   Thumb Code   130  uart.o(.text.UARTx_ReceiveData)
    UARTx_SendData                           0x08001b6d   Thumb Code   316  uart.o(.text.UARTx_SendData)
    USART1_IRQHandler                        0x08001ca9   Thumb Code    72  uart.o(.text.USART1_IRQHandler)
    USART2_IRQHandler                        0x08001cf1   Thumb Code    74  uart.o(.text.USART2_IRQHandler)
    USART3_IRQHandler                        0x08001d3d   Thumb Code    76  uart.o(.text.USART3_IRQHandler)
    USART_Cmd                                0x08001d89   Thumb Code    18  stm32f10x_usart.o(.text.USART_Cmd)
    USART_GetFlagStatus                      0x08001d9d   Thumb Code    10  stm32f10x_usart.o(.text.USART_GetFlagStatus)
    USART_ITConfig                           0x08001da9   Thumb Code    46  stm32f10x_usart.o(.text.USART_ITConfig)
    USART_Init                               0x08001dd9   Thumb Code   178  stm32f10x_usart.o(.text.USART_Init)
    USART_SendData                           0x08001e8d   Thumb Code     8  stm32f10x_usart.o(.text.USART_SendData)
    clust2sect                               0x08002179   Thumb Code    24  ff.o(.text.clust2sect)
    disk_initialize                          0x08002a09   Thumb Code    22  diskio.o(.text.disk_initialize)
    disk_ioctl                               0x08002a21   Thumb Code    72  diskio.o(.text.disk_ioctl)
    disk_read                                0x08002a69   Thumb Code    48  diskio.o(.text.disk_read)
    disk_status                              0x08002a99   Thumb Code    26  diskio.o(.text.disk_status)
    disk_write                               0x08002ab5   Thumb Code    48  diskio.o(.text.disk_write)
    f_close                                  0x08002ae5   Thumb Code    18  ff.o(.text.f_close)
    f_lseek                                  0x08002af9   Thumb Code   390  ff.o(.text.f_lseek)
    f_mount                                  0x08002c81   Thumb Code    44  ff.o(.text.f_mount)
    f_open                                   0x08002cad   Thumb Code   330  ff.o(.text.f_open)
    f_read                                   0x08002df9   Thumb Code   392  ff.o(.text.f_read)
    f_sync                                   0x08002f81   Thumb Code   152  ff.o(.text.f_sync)
    f_unlink                                 0x08003019   Thumb Code   182  ff.o(.text.f_unlink)
    f_write                                  0x080030d1   Thumb Code   430  ff.o(.text.f_write)
    ff_convert                               0x08003281   Thumb Code    74  ccsbcs.o(.text.ff_convert)
    ff_wtoupper                              0x080032cd   Thumb Code    44  ccsbcs.o(.text.ff_wtoupper)
    gen_numname                              0x080034b1   Thumb Code   130  ff.o(.text.gen_numname)
    get_fat                                  0x08003535   Thumb Code   202  ff.o(.text.get_fat)
    get_fattime                              0x08003601   Thumb Code     4  diskio.o(.text.get_fattime)
    janpatch                                 0x08003605   Thumb Code   700  delta.o(.text.janpatch)
    main                                     0x08003ad9   Thumb Code    18  main.o(.text.main)
    put_fat                                  0x08003cf5   Thumb Code   242  ff.o(.text.put_fat)
    sfio_fread                               0x08003e55   Thumb Code    42  delta.o(.text.sfio_fread)
    sfio_fseek                               0x08003e81   Thumb Code    16  delta.o(.text.sfio_fseek)
    sfio_fwrite                              0x08003e91   Thumb Code    42  delta.o(.text.sfio_fwrite)
    sfio_tell                                0x08003ebd   Thumb Code    12  delta.o(.text.sfio_tell)
    _btod_d2e                                0x08003f8d   Thumb Code    62  btod.o(CL$$btod_d2e)
    _d2e_denorm_low                          0x08003fcb   Thumb Code    70  btod.o(CL$$btod_d2e_denorm_low)
    _d2e_norm_op1                            0x08004011   Thumb Code    96  btod.o(CL$$btod_d2e_norm_op1)
    __btod_div_common                        0x08004071   Thumb Code   696  btod.o(CL$$btod_div_common)
    _e2e                                     0x080043a9   Thumb Code   220  btod.o(CL$$btod_e2e)
    _btod_ediv                               0x08004485   Thumb Code    42  btod.o(CL$$btod_ediv)
    _btod_emul                               0x080044af   Thumb Code    42  btod.o(CL$$btod_emul)
    __btod_mult_common                       0x080044d9   Thumb Code   580  btod.o(CL$$btod_mult_common)
    __ARM_fpclassify                         0x0800471d   Thumb Code    40  fpclassify.o(i.__ARM_fpclassify)
    _is_digit                                0x08004745   Thumb Code    14  __printf_wp.o(i._is_digit)
    _get_lc_numeric                          0x08004755   Thumb Code    44  lc_numeric_c.o(locale$$code)
    __aeabi_d2f                              0x08004781   Thumb Code     0  d2f.o(x$fpl$d2f)
    _d2f                                     0x08004781   Thumb Code    98  d2f.o(x$fpl$d2f)
    __fpl_dnaninf                            0x080047e3   Thumb Code   156  dnaninf.o(x$fpl$dnaninf)
    __fpl_dretinf                            0x0800487f   Thumb Code    12  dretinf.o(x$fpl$dretinf)
    __aeabi_f2d                              0x0800488d   Thumb Code     0  f2d.o(x$fpl$f2d)
    _f2d                                     0x0800488d   Thumb Code    86  f2d.o(x$fpl$f2d)
    __fpl_fnaninf                            0x080048e3   Thumb Code   140  fnaninf.o(x$fpl$fnaninf)
    __fpl_fretinf                            0x0800496f   Thumb Code    10  fretinf.o(x$fpl$fretinf)
    _printf_fp_dec                           0x08004979   Thumb Code     4  printf1.o(x$fpl$printf1)
    __I$use$fp                               0x0800497c   Number         0  usenofp.o(x$fpl$usenofp)
    Region$$Table$$Base                      0x08005020   Number         0  anon$$obj.o(Region$$Table)
    Region$$Table$$Limit                     0x08005040   Number         0  anon$$obj.o(Region$$Table)
    UART1                                    0x20000000   Data          12  uart.o(.data.UART1)
    UARTx_dataReceived                       0x2000000c   Data         390  uart.o(.data.UARTx_dataReceived)
    ctx                                      0x20000194   Data          96  delta.o(.data.ctx)
    __libspace_start                         0x200001f8   Data          96  libspace.o(.bss)
    FSM_base_address                         0x20000258   Data           4  fsm.o(.bss.FSM_base_address)
    __temporary_stack_top$libspace           0x20000258   Data           0  libspace.o(.bss)
    UARTx_idx                                0x20000462   Data           3  uart.o(.bss.UARTx_idx)
    UARTx_rx_flag                            0x20000465   Data           3  uart.o(.bss.UARTx_rx_flag)
    number                                   0x20000468   Data          50  uart.o(.bss.number)
    sd_card_info                             0x2000069c   Data           8  sdcard.o(.bss.sd_card_info)



==============================================================================

Memory Map of the image

  Image Entry point : 0x080000ed

  Load Region LR_IROM1 (Base: 0x08000000, Size: 0x00005258, Max: 0x00010000, ABSOLUTE, COMPRESSED[0x000050a0])

    Execution Region ER_IROM1 (Exec base: 0x08000000, Load base: 0x08000000, Size: 0x0000505c, Max: 0x00010000, ABSOLUTE)

    Exec Addr    Load Addr    Size         Type   Attr      Idx    E Section Name        Object

    0x08000000   0x08000000   0x000000ec   Data   RO          662    RESET               startup_stm32f10x_md.o
    0x080000ec   0x080000ec   0x00000008   Code   RO          812  * !!!main             c_w.l(__main.o)
    0x080000f4   0x080000f4   0x00000034   Code   RO         1058    !!!scatter          c_w.l(__scatter.o)
    0x08000128   0x08000128   0x0000003a   Code   RO         1056    !!dczerorl          c_w.l(__dczerorl.o)
    0x08000162   0x08000162   0x00000002   PAD
    0x08000164   0x08000164   0x0000001c   Code   RO         1060    !!handler_zi        c_w.l(__scatter_zi.o)
    0x08000180   0x08000180   0x00000000   Code   RO          807    .ARM.Collect$$_printf_percent$$00000000  c_w.l(_printf_percent.o)
    0x08000180   0x08000180   0x00000006   Code   RO          806    .ARM.Collect$$_printf_percent$$00000003  c_w.l(_printf_f.o)
    0x08000186   0x08000186   0x00000006   Code   RO          805    .ARM.Collect$$_printf_percent$$00000009  c_w.l(_printf_d.o)
    0x0800018c   0x0800018c   0x00000006   Code   RO          804    .ARM.Collect$$_printf_percent$$0000000C  c_w.l(_printf_x.o)
    0x08000192   0x08000192   0x00000004   Code   RO          831    .ARM.Collect$$_printf_percent$$00000017  c_w.l(_printf_percent_end.o)
    0x08000196   0x08000196   0x00000002   Code   RO          921    .ARM.Collect$$libinit$$00000000  c_w.l(libinit.o)
    0x08000198   0x08000198   0x00000000   Code   RO          923    .ARM.Collect$$libinit$$00000002  c_w.l(libinit2.o)
    0x08000198   0x08000198   0x00000000   Code   RO          925    .ARM.Collect$$libinit$$00000004  c_w.l(libinit2.o)
    0x08000198   0x08000198   0x00000000   Code   RO          928    .ARM.Collect$$libinit$$0000000A  c_w.l(libinit2.o)
    0x08000198   0x08000198   0x00000000   Code   RO          930    .ARM.Collect$$libinit$$0000000C  c_w.l(libinit2.o)
    0x08000198   0x08000198   0x00000000   Code   RO          932    .ARM.Collect$$libinit$$0000000E  c_w.l(libinit2.o)
    0x08000198   0x08000198   0x00000006   Code   RO          933    .ARM.Collect$$libinit$$0000000F  c_w.l(libinit2.o)
    0x0800019e   0x0800019e   0x00000000   Code   RO          935    .ARM.Collect$$libinit$$00000011  c_w.l(libinit2.o)
    0x0800019e   0x0800019e   0x00000000   Code   RO          937    .ARM.Collect$$libinit$$00000013  c_w.l(libinit2.o)
    0x0800019e   0x0800019e   0x00000000   Code   RO          939    .ARM.Collect$$libinit$$00000015  c_w.l(libinit2.o)
    0x0800019e   0x0800019e   0x0000000a   Code   RO          940    .ARM.Collect$$libinit$$00000016  c_w.l(libinit2.o)
    0x080001a8   0x080001a8   0x00000000   Code   RO          941    .ARM.Collect$$libinit$$00000017  c_w.l(libinit2.o)
    0x080001a8   0x080001a8   0x00000000   Code   RO          943    .ARM.Collect$$libinit$$00000019  c_w.l(libinit2.o)
    0x080001a8   0x080001a8   0x00000000   Code   RO          945    .ARM.Collect$$libinit$$0000001B  c_w.l(libinit2.o)
    0x080001a8   0x080001a8   0x00000000   Code   RO          947    .ARM.Collect$$libinit$$0000001D  c_w.l(libinit2.o)
    0x080001a8   0x080001a8   0x00000000   Code   RO          949    .ARM.Collect$$libinit$$0000001F  c_w.l(libinit2.o)
    0x080001a8   0x080001a8   0x00000000   Code   RO          951    .ARM.Collect$$libinit$$00000021  c_w.l(libinit2.o)
    0x080001a8   0x080001a8   0x00000000   Code   RO          953    .ARM.Collect$$libinit$$00000023  c_w.l(libinit2.o)
    0x080001a8   0x080001a8   0x00000000   Code   RO          955    .ARM.Collect$$libinit$$00000025  c_w.l(libinit2.o)
    0x080001a8   0x080001a8   0x00000000   Code   RO          959    .ARM.Collect$$libinit$$0000002C  c_w.l(libinit2.o)
    0x080001a8   0x080001a8   0x00000000   Code   RO          961    .ARM.Collect$$libinit$$0000002E  c_w.l(libinit2.o)
    0x080001a8   0x080001a8   0x00000000   Code   RO          963    .ARM.Collect$$libinit$$00000030  c_w.l(libinit2.o)
    0x080001a8   0x080001a8   0x00000000   Code   RO          965    .ARM.Collect$$libinit$$00000032  c_w.l(libinit2.o)
    0x080001a8   0x080001a8   0x00000002   Code   RO          966    .ARM.Collect$$libinit$$00000033  c_w.l(libinit2.o)
    0x080001aa   0x080001aa   0x00000002   Code   RO         1002    .ARM.Collect$$libshutdown$$00000000  c_w.l(libshutdown.o)
    0x080001ac   0x080001ac   0x00000000   Code   RO         1013    .ARM.Collect$$libshutdown$$00000002  c_w.l(libshutdown2.o)
    0x080001ac   0x080001ac   0x00000000   Code   RO         1015    .ARM.Collect$$libshutdown$$00000004  c_w.l(libshutdown2.o)
    0x080001ac   0x080001ac   0x00000000   Code   RO         1018    .ARM.Collect$$libshutdown$$00000007  c_w.l(libshutdown2.o)
    0x080001ac   0x080001ac   0x00000000   Code   RO         1021    .ARM.Collect$$libshutdown$$0000000A  c_w.l(libshutdown2.o)
    0x080001ac   0x080001ac   0x00000000   Code   RO         1023    .ARM.Collect$$libshutdown$$0000000C  c_w.l(libshutdown2.o)
    0x080001ac   0x080001ac   0x00000000   Code   RO         1026    .ARM.Collect$$libshutdown$$0000000F  c_w.l(libshutdown2.o)
    0x080001ac   0x080001ac   0x00000002   Code   RO         1027    .ARM.Collect$$libshutdown$$00000010  c_w.l(libshutdown2.o)
    0x080001ae   0x080001ae   0x00000000   Code   RO          820    .ARM.Collect$$rtentry$$00000000  c_w.l(__rtentry.o)
    0x080001ae   0x080001ae   0x00000000   Code   RO          844    .ARM.Collect$$rtentry$$00000002  c_w.l(__rtentry2.o)
    0x080001ae   0x080001ae   0x00000006   Code   RO          856    .ARM.Collect$$rtentry$$00000004  c_w.l(__rtentry4.o)
    0x080001b4   0x080001b4   0x00000000   Code   RO          846    .ARM.Collect$$rtentry$$00000009  c_w.l(__rtentry2.o)
    0x080001b4   0x080001b4   0x00000004   Code   RO          847    .ARM.Collect$$rtentry$$0000000A  c_w.l(__rtentry2.o)
    0x080001b8   0x080001b8   0x00000000   Code   RO          849    .ARM.Collect$$rtentry$$0000000C  c_w.l(__rtentry2.o)
    0x080001b8   0x080001b8   0x00000008   Code   RO          850    .ARM.Collect$$rtentry$$0000000D  c_w.l(__rtentry2.o)
    0x080001c0   0x080001c0   0x00000002   Code   RO          967    .ARM.Collect$$rtexit$$00000000  c_w.l(rtexit.o)
    0x080001c2   0x080001c2   0x00000000   Code   RO          976    .ARM.Collect$$rtexit$$00000002  c_w.l(rtexit2.o)
    0x080001c2   0x080001c2   0x00000004   Code   RO          977    .ARM.Collect$$rtexit$$00000003  c_w.l(rtexit2.o)
    0x080001c6   0x080001c6   0x00000006   Code   RO          978    .ARM.Collect$$rtexit$$00000004  c_w.l(rtexit2.o)
    0x080001cc   0x080001cc   0x00000040   Code   RO          663    .text               startup_stm32f10x_md.o
    0x0800020c   0x0800020c   0x00000028   Code   RO          755    .text               c_w.l(noretval__2sprintf.o)
    0x08000234   0x08000234   0x0000004e   Code   RO          759    .text               c_w.l(_printf_pad.o)
    0x08000282   0x08000282   0x00000002   PAD
    0x08000284   0x08000284   0x00000078   Code   RO          761    .text               c_w.l(_printf_dec.o)
    0x080002fc   0x080002fc   0x00000058   Code   RO          766    .text               c_w.l(_printf_hex_int.o)
    0x08000354   0x08000354   0x00000138   Code   RO          796    .text               c_w.l(__printf_flags_wp.o)
    0x0800048c   0x0800048c   0x00000010   Code   RO          808    .text               c_w.l(aeabi_memset.o)
    0x0800049c   0x0800049c   0x00000006   Code   RO          810    .text               c_w.l(heapauxi.o)
    0x080004a2   0x080004a2   0x000000b2   Code   RO          821    .text               c_w.l(_printf_intcommon.o)
    0x08000554   0x08000554   0x0000041c   Code   RO          823    .text               c_w.l(_printf_fp_dec.o)
    0x08000970   0x08000970   0x00000030   Code   RO          827    .text               c_w.l(_printf_char_common.o)
    0x080009a0   0x080009a0   0x0000000a   Code   RO          829    .text               c_w.l(_sputc.o)
    0x080009aa   0x080009aa   0x00000044   Code   RO          832    .text               c_w.l(rt_memclr.o)
    0x080009ee   0x080009ee   0x00000002   PAD
    0x080009f0   0x080009f0   0x00000008   Code   RO          861    .text               c_w.l(rt_locale_intlibspace.o)
    0x080009f8   0x080009f8   0x0000008a   Code   RO          863    .text               c_w.l(lludiv10.o)
    0x08000a82   0x08000a82   0x00000002   PAD
    0x08000a84   0x08000a84   0x00000080   Code   RO          865    .text               c_w.l(_printf_fp_infnan.o)
    0x08000b04   0x08000b04   0x000000e4   Code   RO          869    .text               c_w.l(bigflt0.o)
    0x08000be8   0x08000be8   0x0000004e   Code   RO          899    .text               c_w.l(rt_memclr_w.o)
    0x08000c36   0x08000c36   0x00000002   PAD
    0x08000c38   0x08000c38   0x00000008   Code   RO          905    .text               c_w.l(libspace.o)
    0x08000c40   0x08000c40   0x0000004a   Code   RO          908    .text               c_w.l(sys_stackheap_outer.o)
    0x08000c8a   0x08000c8a   0x00000012   Code   RO          912    .text               c_w.l(exit.o)
    0x08000c9c   0x08000c9c   0x00000080   Code   RO          914    .text               c_w.l(strcmpv7m.o)
    0x08000d1c   0x08000d1c   0x0000000c   Code   RO          988    .text               c_w.l(sys_exit.o)
    0x08000d28   0x08000d28   0x00000002   Code   RO         1003    .text               c_w.l(use_no_semi.o)
    0x08000d2a   0x08000d2a   0x00000000   Code   RO         1005    .text               c_w.l(indicate_semi.o)
    0x08000d2a   0x08000d2a   0x00000002   PAD
    0x08000d2c   0x08000d2c   0x000000aa   Code   RO          364    .text.Delta_Run     delta.o
    0x08000dd6   0x08000dd6   0x00000002   PAD
    0x08000dd8   0x08000dd8   0x0000001e   Code   RO           35    .text.Flash_Read    flash.o
    0x08000df6   0x08000df6   0x00000002   PAD
    0x08000df8   0x08000df8   0x000000b0   Code   RO          407    .text.GPIO_Init     stm32f10x_gpio.o
    0x08000ea8   0x08000ea8   0x00000074   Code   RO          433    .text.GPIO_PinRemapConfig  stm32f10x_gpio.o
    0x08000f1c   0x08000f1c   0x00000022   Code   RO            2    .text.IWDG_Config   iwdg.o
    0x08000f3e   0x08000f3e   0x00000002   PAD
    0x08000f40   0x08000f40   0x00000010   Code   RO          455    .text.IWDG_Enable   stm32f10x_iwdg.o
    0x08000f50   0x08000f50   0x00000010   Code   RO          453    .text.IWDG_ReloadCounter  stm32f10x_iwdg.o
    0x08000f60   0x08000f60   0x0000000c   Code   RO          449    .text.IWDG_SetPrescaler  stm32f10x_iwdg.o
    0x08000f6c   0x08000f6c   0x0000000c   Code   RO          451    .text.IWDG_SetReload  stm32f10x_iwdg.o
    0x08000f78   0x08000f78   0x0000000c   Code   RO          447    .text.IWDG_WriteAccessCmd  stm32f10x_iwdg.o
    0x08000f84   0x08000f84   0x0000002c   Code   RO          134    .text.JumpButton_Init  jump_to_app.o
    0x08000fb0   0x08000fb0   0x00000018   Code   RO          513    .text.RCC_APB1PeriphClockCmd  stm32f10x_rcc.o
    0x08000fc8   0x08000fc8   0x00000018   Code   RO          511    .text.RCC_APB2PeriphClockCmd  stm32f10x_rcc.o
    0x08000fe0   0x08000fe0   0x000000a0   Code   RO          507    .text.RCC_GetClocksFreq  stm32f10x_rcc.o
    0x08001080   0x08001080   0x0000000e   Code   RO          180    .text.SD_CS_High    sdcard.o
    0x0800108e   0x0800108e   0x00000002   PAD
    0x08001090   0x08001090   0x0000000e   Code   RO          176    .text.SD_CS_Low     sdcard.o
    0x0800109e   0x0800109e   0x00000002   PAD
    0x080010a0   0x080010a0   0x000000a0   Code   RO          150    .text.SD_GetSectorCount  sdcard.o
    0x08001140   0x08001140   0x00000110   Code   RO          144    .text.SD_Init       sdcard.o
    0x08001250   0x08001250   0x00000066   Code   RO          146    .text.SD_PowerOn    sdcard.o
    0x080012b6   0x080012b6   0x00000002   PAD
    0x080012b8   0x080012b8   0x0000006a   Code   RO          162    .text.SD_ReadFile   sdcard.o
    0x08001322   0x08001322   0x00000002   PAD
    0x08001324   0x08001324   0x00000070   Code   RO          154    .text.SD_ReadSector  sdcard.o
    0x08001394   0x08001394   0x0000004e   Code   RO          152    .text.SD_RecvData   sdcard.o
    0x080013e2   0x080013e2   0x00000002   PAD
    0x080013e4   0x080013e4   0x00000054   Code   RO          158    .text.SD_SendBlock  sdcard.o
    0x08001438   0x08001438   0x00000068   Code   RO          148    .text.SD_SendCmd    sdcard.o
    0x080014a0   0x080014a0   0x0000001e   Code   RO          178    .text.SD_WaitReady  sdcard.o
    0x080014be   0x080014be   0x00000002   PAD
    0x080014c0   0x080014c0   0x0000006a   Code   RO          160    .text.SD_WriteFile  sdcard.o
    0x0800152a   0x0800152a   0x00000002   PAD
    0x0800152c   0x0800152c   0x00000086   Code   RO          156    .text.SD_WriteSector  sdcard.o
    0x080015b2   0x080015b2   0x00000002   PAD
    0x080015b4   0x080015b4   0x0000003c   Code   RO          164    .text.SD_getFileSize  sdcard.o
    0x080015f0   0x080015f0   0x00000086   Code   RO          191    .text.SPI1_Setup    spi.o
    0x08001676   0x08001676   0x00000002   PAD
    0x08001678   0x08001678   0x00000036   Code   RO          195    .text.SPI1_Transfer  spi.o
    0x080016ae   0x080016ae   0x00000002   PAD
    0x080016b0   0x080016b0   0x00000012   Code   RO          551    .text.SPI_Cmd       stm32f10x_spi.o
    0x080016c2   0x080016c2   0x00000002   PAD
    0x080016c4   0x080016c4   0x0000000a   Code   RO          579    .text.SPI_I2S_GetFlagStatus  stm32f10x_spi.o
    0x080016ce   0x080016ce   0x00000002   PAD
    0x080016d0   0x080016d0   0x00000004   Code   RO          561    .text.SPI_I2S_ReceiveData  stm32f10x_spi.o
    0x080016d4   0x080016d4   0x00000004   Code   RO          559    .text.SPI_I2S_SendData  stm32f10x_spi.o
    0x080016d8   0x080016d8   0x00000046   Code   RO          543    .text.SPI_Init      stm32f10x_spi.o
    0x0800171e   0x0800171e   0x00000002   PAD
    0x08001720   0x08001720   0x00000008   Code   RO          672    .text.SetSysClock   system_stm32f10x.o
    0x08001728   0x08001728   0x000000be   Code   RO          676    .text.SetSysClockTo72  system_stm32f10x.o
    0x080017e6   0x080017e6   0x00000002   PAD
    0x080017e8   0x080017e8   0x000000e8   Code   RO           19    .text.Sys_Init      sys.o
    0x080018d0   0x080018d0   0x00000002   Code   RO           21    .text.Sys_Run       sys.o
    0x080018d2   0x080018d2   0x00000002   PAD
    0x080018d4   0x080018d4   0x00000056   Code   RO          670    .text.SystemInit    system_stm32f10x.o
    0x0800192a   0x0800192a   0x00000002   PAD
    0x0800192c   0x0800192c   0x00000014   Code   RO           81    .text.UART1_Init    uart.o
    0x08001940   0x08001940   0x00000028   Code   RO           85    .text.UART1_Print   uart.o
    0x08001968   0x08001968   0x0000000c   Code   RO           83    .text.UART1_Scan    uart.o
    0x08001974   0x08001974   0x00000172   Code   RO           99    .text.UARTx_Init    uart.o
    0x08001ae6   0x08001ae6   0x00000002   PAD
    0x08001ae8   0x08001ae8   0x00000082   Code   RO          107    .text.UARTx_ReceiveData  uart.o
    0x08001b6a   0x08001b6a   0x00000002   PAD
    0x08001b6c   0x08001b6c   0x0000013c   Code   RO          105    .text.UARTx_SendData  uart.o
    0x08001ca8   0x08001ca8   0x00000048   Code   RO          109    .text.USART1_IRQHandler  uart.o
    0x08001cf0   0x08001cf0   0x0000004a   Code   RO          111    .text.USART2_IRQHandler  uart.o
    0x08001d3a   0x08001d3a   0x00000002   PAD
    0x08001d3c   0x08001d3c   0x0000004c   Code   RO          113    .text.USART3_IRQHandler  uart.o
    0x08001d88   0x08001d88   0x00000012   Code   RO          605    .text.USART_Cmd     stm32f10x_usart.o
    0x08001d9a   0x08001d9a   0x00000002   PAD
    0x08001d9c   0x08001d9c   0x0000000a   Code   RO          645    .text.USART_GetFlagStatus  stm32f10x_usart.o
    0x08001da6   0x08001da6   0x00000002   PAD
    0x08001da8   0x08001da8   0x0000002e   Code   RO          607    .text.USART_ITConfig  stm32f10x_usart.o
    0x08001dd6   0x08001dd6   0x00000002   PAD
    0x08001dd8   0x08001dd8   0x000000b2   Code   RO          597    .text.USART_Init    stm32f10x_usart.o
    0x08001e8a   0x08001e8a   0x00000002   PAD
    0x08001e8c   0x08001e8c   0x00000008   Code   RO          621    .text.USART_SendData  stm32f10x_usart.o
    0x08001e94   0x08001e94   0x00000020   Code   RO          103    .text.__NVIC_EnableIRQ  uart.o
    0x08001eb4   0x08001eb4   0x00000022   Code   RO          101    .text.__NVIC_SetPriority  uart.o
    0x08001ed6   0x08001ed6   0x00000002   PAD
    0x08001ed8   0x08001ed8   0x0000006a   Code   RO          311    .text.check_fs      ff.o
    0x08001f42   0x08001f42   0x00000002   PAD
    0x08001f44   0x08001f44   0x00000012   Code   RO          317    .text.chk_chr       ff.o
    0x08001f56   0x08001f56   0x00000002   PAD
    0x08001f58   0x08001f58   0x0000021e   Code   RO          255    .text.chk_mounted   ff.o
    0x08002176   0x08002176   0x00000002   PAD
    0x08002178   0x08002178   0x00000018   Code   RO          239    .text.clust2sect    ff.o
    0x08002190   0x08002190   0x00000078   Code   RO          319    .text.cmp_lfn       ff.o
    0x08002208   0x08002208   0x000000ac   Code   RO          269    .text.create_chain  ff.o
    0x080022b4   0x080022b4   0x00000224   Code   RO          313    .text.create_name   ff.o
    0x080024d8   0x080024d8   0x000000c4   Code   RO          315    .text.dir_find      ff.o
    0x0800259c   0x0800259c   0x00000136   Code   RO          289    .text.dir_next      ff.o
    0x080026d2   0x080026d2   0x00000002   PAD
    0x080026d4   0x080026d4   0x000000a8   Code   RO          285    .text.dir_read      ff.o
    0x0800277c   0x0800277c   0x0000019a   Code   RO          259    .text.dir_register  ff.o
    0x08002916   0x08002916   0x00000002   PAD
    0x08002918   0x08002918   0x00000052   Code   RO          299    .text.dir_remove    ff.o
    0x0800296a   0x0800296a   0x00000002   PAD
    0x0800296c   0x0800296c   0x0000009c   Code   RO          281    .text.dir_sdi       ff.o
    0x08002a08   0x08002a08   0x00000016   Code   RO          219    .text.disk_initialize  diskio.o
    0x08002a1e   0x08002a1e   0x00000002   PAD
    0x08002a20   0x08002a20   0x00000048   Code   RO          227    .text.disk_ioctl    diskio.o
    0x08002a68   0x08002a68   0x00000030   Code   RO          223    .text.disk_read     diskio.o
    0x08002a98   0x08002a98   0x0000001a   Code   RO          221    .text.disk_status   diskio.o
    0x08002ab2   0x08002ab2   0x00000002   PAD
    0x08002ab4   0x08002ab4   0x00000030   Code   RO          225    .text.disk_write    diskio.o
    0x08002ae4   0x08002ae4   0x00000012   Code   RO          275    .text.f_close       ff.o
    0x08002af6   0x08002af6   0x00000002   PAD
    0x08002af8   0x08002af8   0x00000186   Code   RO          277    .text.f_lseek       ff.o
    0x08002c7e   0x08002c7e   0x00000002   PAD
    0x08002c80   0x08002c80   0x0000002c   Code   RO          251    .text.f_mount       ff.o
    0x08002cac   0x08002cac   0x0000014a   Code   RO          253    .text.f_open        ff.o
    0x08002df6   0x08002df6   0x00000002   PAD
    0x08002df8   0x08002df8   0x00000188   Code   RO          263    .text.f_read        ff.o
    0x08002f80   0x08002f80   0x00000098   Code   RO          271    .text.f_sync        ff.o
    0x08003018   0x08003018   0x000000b6   Code   RO          297    .text.f_unlink      ff.o
    0x080030ce   0x080030ce   0x00000002   PAD
    0x080030d0   0x080030d0   0x000001ae   Code   RO          267    .text.f_write       ff.o
    0x0800327e   0x0800327e   0x00000002   PAD
    0x08003280   0x08003280   0x0000004a   Code   RO          205    .text.ff_convert    ccsbcs.o
    0x080032ca   0x080032ca   0x00000002   PAD
    0x080032cc   0x080032cc   0x0000002c   Code   RO          207    .text.ff_wtoupper   ccsbcs.o
    0x080032f8   0x080032f8   0x000000b8   Code   RO          346    .text.find_length   delta.o
    0x080033b0   0x080033b0   0x0000006e   Code   RO          325    .text.fit_lfn       ff.o
    0x0800341e   0x0800341e   0x00000002   PAD
    0x08003420   0x08003420   0x00000090   Code   RO          257    .text.follow_path   ff.o
    0x080034b0   0x080034b0   0x00000082   Code   RO          247    .text.gen_numname   ff.o
    0x08003532   0x08003532   0x00000002   PAD
    0x08003534   0x08003534   0x000000ca   Code   RO          241    .text.get_fat       ff.o
    0x080035fe   0x080035fe   0x00000002   PAD
    0x08003600   0x08003600   0x00000004   Code   RO          229    .text.get_fattime   diskio.o
    0x08003604   0x08003604   0x000002bc   Code   RO          342    .text.janpatch      delta.o
    0x080038c0   0x080038c0   0x0000005c   Code   RO          354    .text.jp_final_flush  delta.o
    0x0800391c   0x0800391c   0x0000002e   Code   RO          366    .text.jp_fread      delta.o
    0x0800394a   0x0800394a   0x00000002   PAD
    0x0800394c   0x0800394c   0x00000068   Code   RO          352    .text.jp_fseek      delta.o
    0x080039b4   0x080039b4   0x0000002e   Code   RO          368    .text.jp_fwrite     delta.o
    0x080039e2   0x080039e2   0x00000002   PAD
    0x080039e4   0x080039e4   0x00000066   Code   RO          344    .text.jp_getc       delta.o
    0x08003a4a   0x08003a4a   0x00000002   PAD
    0x08003a4c   0x08003a4c   0x0000008a   Code   RO          348    .text.jp_putc       delta.o
    0x08003ad6   0x08003ad6   0x00000002   PAD
    0x08003ad8   0x08003ad8   0x00000012   Code   RO           10    .text.main          main.o
    0x08003aea   0x08003aea   0x00000002   PAD
    0x08003aec   0x08003aec   0x00000024   Code   RO          323    .text.mem_cmp       ff.o
    0x08003b10   0x08003b10   0x0000001a   Code   RO          249    .text.mem_cpy       ff.o
    0x08003b2a   0x08003b2a   0x00000002   PAD
    0x08003b2c   0x08003b2c   0x00000018   Code   RO          303    .text.mem_set       ff.o
    0x08003b44   0x08003b44   0x00000082   Code   RO          243    .text.move_window   ff.o
    0x08003bc6   0x08003bc6   0x00000002   PAD
    0x08003bc8   0x08003bc8   0x00000060   Code   RO          327    .text.pick_lfn      ff.o
    0x08003c28   0x08003c28   0x000000ca   Code   RO          350    .text.process_mod   delta.o
    0x08003cf2   0x08003cf2   0x00000002   PAD
    0x08003cf4   0x08003cf4   0x000000f2   Code   RO          245    .text.put_fat       ff.o
    0x08003de6   0x08003de6   0x00000002   PAD
    0x08003de8   0x08003de8   0x0000006c   Code   RO          261    .text.remove_chain  ff.o
    0x08003e54   0x08003e54   0x0000002a   Code   RO          356    .text.sfio_fread    delta.o
    0x08003e7e   0x08003e7e   0x00000002   PAD
    0x08003e80   0x08003e80   0x00000010   Code   RO          360    .text.sfio_fseek    delta.o
    0x08003e90   0x08003e90   0x0000002a   Code   RO          358    .text.sfio_fwrite   delta.o
    0x08003eba   0x08003eba   0x00000002   PAD
    0x08003ebc   0x08003ebc   0x0000000c   Code   RO          362    .text.sfio_tell     delta.o
    0x08003ec8   0x08003ec8   0x00000024   Code   RO          321    .text.sum_sfn       ff.o
    0x08003eec   0x08003eec   0x0000007c   Code   RO          273    .text.sync          ff.o
    0x08003f68   0x08003f68   0x00000024   Code   RO          265    .text.validate      ff.o
    0x08003f8c   0x08003f8c   0x0000003e   Code   RO          872    CL$$btod_d2e        c_w.l(btod.o)
    0x08003fca   0x08003fca   0x00000046   Code   RO          874    CL$$btod_d2e_denorm_low  c_w.l(btod.o)
    0x08004010   0x08004010   0x00000060   Code   RO          873    CL$$btod_d2e_norm_op1  c_w.l(btod.o)
    0x08004070   0x08004070   0x00000338   Code   RO          882    CL$$btod_div_common  c_w.l(btod.o)
    0x080043a8   0x080043a8   0x000000dc   Code   RO          879    CL$$btod_e2e        c_w.l(btod.o)
    0x08004484   0x08004484   0x0000002a   Code   RO          876    CL$$btod_ediv       c_w.l(btod.o)
    0x080044ae   0x080044ae   0x0000002a   Code   RO          875    CL$$btod_emul       c_w.l(btod.o)
    0x080044d8   0x080044d8   0x00000244   Code   RO          881    CL$$btod_mult_common  c_w.l(btod.o)
    0x0800471c   0x0800471c   0x00000028   Code   RO          903    i.__ARM_fpclassify  m_ws.l(fpclassify.o)
    0x08004744   0x08004744   0x0000000e   Code   RO          794    i._is_digit         c_w.l(__printf_wp.o)
    0x08004752   0x08004752   0x00000002   PAD
    0x08004754   0x08004754   0x0000002c   Code   RO          897    locale$$code        c_w.l(lc_numeric_c.o)
    0x08004780   0x08004780   0x00000062   Code   RO          814    x$fpl$d2f           fz_ws.l(d2f.o)
    0x080047e2   0x080047e2   0x0000009c   Code   RO          834    x$fpl$dnaninf       fz_ws.l(dnaninf.o)
    0x0800487e   0x0800487e   0x0000000c   Code   RO          836    x$fpl$dretinf       fz_ws.l(dretinf.o)
    0x0800488a   0x0800488a   0x00000002   PAD
    0x0800488c   0x0800488c   0x00000056   Code   RO          816    x$fpl$f2d           fz_ws.l(f2d.o)
    0x080048e2   0x080048e2   0x0000008c   Code   RO          838    x$fpl$fnaninf       fz_ws.l(fnaninf.o)
    0x0800496e   0x0800496e   0x0000000a   Code   RO          840    x$fpl$fretinf       fz_ws.l(fretinf.o)
    0x08004978   0x08004978   0x00000004   Code   RO          818    x$fpl$printf1       fz_ws.l(printf1.o)
    0x0800497c   0x0800497c   0x00000000   Code   RO          842    x$fpl$usenofp       fz_ws.l(usenofp.o)
    0x0800497c   0x0800497c   0x00000028   Data   RO          767    .constdata          c_w.l(_printf_hex_int.o)
    0x080049a4   0x080049a4   0x00000011   Data   RO          797    .constdata          c_w.l(__printf_flags_wp.o)
    0x080049b5   0x080049b5   0x00000003   PAD
    0x080049b8   0x080049b8   0x00000094   Data   RO          870    .constdata          c_w.l(bigflt0.o)
    0x08004a4c   0x08004a4c   0x00000004   Data   RO          532    .rodata.ADCPrescTable  stm32f10x_rcc.o
    0x08004a50   0x08004a50   0x00000010   Data   RO          531    .rodata.APBAHBPrescTable  stm32f10x_rcc.o
    0x08004a60   0x08004a60   0x0000000d   Data   RO          333    .rodata.LfnOfs      ff.o
    0x08004a6d   0x08004a6d   0x00000001   PAD
    0x08004a6e   0x08004a6e   0x00000100   Data   RO          209    .rodata.Tbl         ccsbcs.o
    0x08004b6e   0x08004b6e   0x00000080   Data   RO          332    .rodata.create_name.excvt  ff.o
    0x08004bee   0x08004bee   0x00000008   Data   RO           24    .rodata.str1.1      sys.o
    0x08004bf6   0x08004bf6   0x00000068   Data   RO          370    .rodata.str1.1      delta.o
    0x08004c5e   0x08004c5e   0x000003c0   Data   RO          210    .rodata.str2.2      ccsbcs.o
    0x0800501e   0x0800501e   0x00000002   PAD
    0x08005020   0x08005020   0x00000020   Data   RO         1055    Region$$Table       anon$$obj.o
    0x08005040   0x08005040   0x0000001c   Data   RO          896    locale$$data        c_w.l(lc_numeric_c.o)


    Execution Region RW_IRAM1 (Exec base: 0x20000000, Load base: 0x08005060, Size: 0x000010a8, Max: 0x00005000, ABSOLUTE, COMPRESSED[0x00000040])

    Exec Addr    Load Addr    Size         Type   Attr      Idx    E Section Name        Object

    0x20000000   COMPRESSED   0x0000000c   Data   RW          118    .data.UART1         uart.o
    0x2000000c   COMPRESSED   0x00000186   Data   RW          115    .data.UARTx_dataReceived  uart.o
    0x20000192   COMPRESSED   0x00000002   PAD
    0x20000194   COMPRESSED   0x00000060   Data   RW          374    .data.ctx           delta.o
    0x200001f4   COMPRESSED   0x00000004   PAD
    0x200001f8        -       0x00000060   Zero   RW          906    .bss                c_w.l(libspace.o)
    0x20000258        -       0x00000004   Zero   RW           68    .bss.FSM_base_address  fsm.o
    0x2000025c        -       0x00000004   Zero   RW          329    .bss.FatFs          ff.o
    0x20000260        -       0x00000002   Zero   RW          331    .bss.Fsid           ff.o
    0x20000262        -       0x00000200   Zero   RW          330    .bss.LfnBuf         ff.o
    0x20000462        -       0x00000003   Zero   RW          117    .bss.UARTx_idx      uart.o
    0x20000465        -       0x00000003   Zero   RW          116    .bss.UARTx_rx_flag  uart.o
    0x20000468        -       0x00000032   Zero   RW          121    .bss.number         uart.o
    0x2000049a        -       0x00000200   Zero   RW          373    .bss.patch_buf      delta.o
    0x2000069a   COMPRESSED   0x00000002   PAD
    0x2000069c        -       0x00000008   Zero   RW          182    .bss.sd_card_info   sdcard.o
    0x200006a4        -       0x00000200   Zero   RW          371    .bss.source_buf     delta.o
    0x200008a4        -       0x00000200   Zero   RW          372    .bss.target_buf     delta.o
    0x20000aa4   COMPRESSED   0x00000004   PAD
    0x20000aa8        -       0x00000200   Zero   RW          661    HEAP                startup_stm32f10x_md.o
    0x20000ca8        -       0x00000400   Zero   RW          660    STACK               startup_stm32f10x_md.o


==============================================================================

Image component sizes


      Code (inc. data)   RO Data    RW Data    ZI Data      Debug   Object Name

       118          0       1216          0          0       1241   ccsbcs.o
      1896        246        104         96       1536       8956   delta.o
       220          4          0          0          0       2473   diskio.o
      6234         20        141          0        518      29940   ff.o
        30          0          0          0          0       1839   flash.o
         0          0          0          0          4       3391   fsm.o
        34          0          0          0          0        528   iwdg.o
        44          0          0          0          0       5089   jump_to_app.o
        18          0          0          0          0        381   main.o
      1376          0          0          0          8       9478   sdcard.o
       188          0          0          0          0       2782   spi.o
        64         26        236          0       1536        840   startup_stm32f10x_md.o
       292          0          0          0          0       5906   stm32f10x_gpio.o
        68          0          0          0          0       1797   stm32f10x_iwdg.o
       208          0         20          0          0       7722   stm32f10x_rcc.o
       106          0          0          0          0       7062   stm32f10x_spi.o
       260          0          0          0          0       7990   stm32f10x_usart.o
       234        124          8          0          0        840   sys.o
       284          0          0          0          0       2925   system_stm32f10x.o
      1176         32          0        402         56       9271   uart.o

    ----------------------------------------------------------------------
     12960        452       1760        500       3668     110451   Object Totals
         0          0         32          0          0          0   (incl. Generated)
       110          0          3          2         10          0   (incl. Padding)

    ----------------------------------------------------------------------

      Code (inc. data)   RO Data    RW Data    ZI Data      Debug   Library Member Name

        58          0          0          0          0          0   __dczerorl.o
         8          0          0          0          0         68   __main.o
       312          4         17          0          0         92   __printf_flags_wp.o
        14          0          0          0          0         68   __printf_wp.o
         0          0          0          0          0          0   __rtentry.o
        12          0          0          0          0          0   __rtentry2.o
         6          0          0          0          0          0   __rtentry4.o
        52          8          0          0          0          0   __scatter.o
        28          0          0          0          0          0   __scatter_zi.o
        48          6          0          0          0         96   _printf_char_common.o
         6          0          0          0          0          0   _printf_d.o
       120         16          0          0          0         92   _printf_dec.o
         6          0          0          0          0          0   _printf_f.o
      1052          0          0          0          0        148   _printf_fp_dec.o
       128         16          0          0          0         84   _printf_fp_infnan.o
        88          4         40          0          0         88   _printf_hex_int.o
       178          0          0          0          0         88   _printf_intcommon.o
        78          0          0          0          0        108   _printf_pad.o
         0          0          0          0          0          0   _printf_percent.o
         4          0          0          0          0          0   _printf_percent_end.o
         6          0          0          0          0          0   _printf_x.o
        10          0          0          0          0         68   _sputc.o
        16          0          0          0          0         68   aeabi_memset.o
       228          4        148          0          0         96   bigflt0.o
      1936        128          0          0          0        672   btod.o
        18          0          0          0          0         80   exit.o
         6          0          0          0          0        152   heapauxi.o
         0          0          0          0          0          0   indicate_semi.o
        44         10         28          0          0         76   lc_numeric_c.o
         2          0          0          0          0          0   libinit.o
        18          0          0          0          0          0   libinit2.o
         2          0          0          0          0          0   libshutdown.o
         2          0          0          0          0          0   libshutdown2.o
         8          4          0          0         96         68   libspace.o
       138          0          0          0          0         80   lludiv10.o
        40          6          0          0          0         84   noretval__2sprintf.o
         8          4          0          0          0         68   rt_locale_intlibspace.o
        68          0          0          0          0         68   rt_memclr.o
        78          0          0          0          0         80   rt_memclr_w.o
         2          0          0          0          0          0   rtexit.o
        10          0          0          0          0          0   rtexit2.o
       128          0          0          0          0         68   strcmpv7m.o
        12          4          0          0          0         68   sys_exit.o
        74          0          0          0          0         80   sys_stackheap_outer.o
         2          0          0          0          0         68   use_no_semi.o
        98          4          0          0          0         92   d2f.o
       156          4          0          0          0         92   dnaninf.o
        12          0          0          0          0         68   dretinf.o
        86          4          0          0          0         84   f2d.o
       140          4          0          0          0         84   fnaninf.o
        10          0          0          0          0         68   fretinf.o
         4          0          0          0          0         68   printf1.o
         0          0          0          0          0          0   usenofp.o
        40          0          0          0          0         68   fpclassify.o

    ----------------------------------------------------------------------
      5616        230        236          0         96       3500   Library Totals
        16          0          3          0          0          0   (incl. Padding)

    ----------------------------------------------------------------------

      Code (inc. data)   RO Data    RW Data    ZI Data      Debug   Library Name

      5054        214        233          0         96       2876   c_w.l
       506         16          0          0          0        556   fz_ws.l
        40          0          0          0          0         68   m_ws.l

    ----------------------------------------------------------------------
      5616        230        236          0         96       3500   Library Totals

    ----------------------------------------------------------------------

==============================================================================


      Code (inc. data)   RO Data    RW Data    ZI Data      Debug   

     18576        682       1996        500       3764     111751   Grand Totals
     18576        682       1996         64       3764     111751   ELF Image Totals (compressed)
     18576        682       1996         64          0          0   ROM Totals

==============================================================================

    Total RO  Size (Code + RO Data)                20572 (  20.09kB)
    Total RW  Size (RW Data + ZI Data)              4264 (   4.16kB)
    Total ROM Size (Code + RO Data + RW Data)      20636 (  20.15kB)

==============================================================================

